Component: ARM Compiler 5.05 update 1 (build 106) Tool: armlink [4d0efa]

==============================================================================

Section Cross References

    main.o(i.app_task_adc) refers to adc.o(i.adc_voltage_get) for adc_voltage_get
    main.o(i.app_task_adc) refers to event_groups.o(i.xEventGroupSetBits) for xEventGroupSetBits
    main.o(i.app_task_adc) refers to main.o(i.dgb_printf_safe) for dgb_printf_safe
    main.o(i.app_task_adc) refers to tasks.o(i.vTaskDelay) for vTaskDelay
    main.o(i.app_task_adc) refers to main.o(.data) for .data
    main.o(i.app_task_beep) refers to main.o(i.dgb_printf_safe) for dgb_printf_safe
    main.o(i.app_task_beep) refers to queue.o(i.xQueueReceive) for xQueueReceive
    main.o(i.app_task_beep) refers to tasks.o(i.vTaskDelay) for vTaskDelay
    main.o(i.app_task_beep) refers to queue.o(i.xQueueGenericSend) for xQueueGenericSend
    main.o(i.app_task_beep) refers to main.o(.data) for .data
    main.o(i.app_task_dht) refers to _printf_pad.o(.text) for _printf_pre_padding
    main.o(i.app_task_dht) refers to _printf_percent.o(.ARM.Collect$$_printf_percent$$00000000) for _printf_percent
    main.o(i.app_task_dht) refers to _printf_d.o(.ARM.Collect$$_printf_percent$$00000009) for _printf_d
    main.o(i.app_task_dht) refers to _printf_dec.o(.text) for _printf_int_dec
    main.o(i.app_task_dht) refers to main.o(i.dgb_printf_safe) for dgb_printf_safe
    main.o(i.app_task_dht) refers to tasks.o(i.vTaskSuspend) for vTaskSuspend
    main.o(i.app_task_dht) refers to dht11.o(i.dht11_read_data) for dht11_read_data
    main.o(i.app_task_dht) refers to __2sprintf.o(.text) for __2sprintf
    main.o(i.app_task_dht) refers to strlen.o(.text) for strlen
    main.o(i.app_task_dht) refers to tft.o(i.lcd_show_string) for lcd_show_string
    main.o(i.app_task_dht) refers to tasks.o(i.vTaskDelay) for vTaskDelay
    main.o(i.app_task_dht) refers to main.o(.data) for .data
    main.o(i.app_task_gesture) refers to main.o(i.dgb_printf_safe) for dgb_printf_safe
    main.o(i.app_task_gesture) refers to event_groups.o(i.xEventGroupWaitBits) for xEventGroupWaitBits
    main.o(i.app_task_gesture) refers to port.o(i.vPortEnterCritical) for vPortEnterCritical
    main.o(i.app_task_gesture) refers to port.o(i.vPortExitCritical) for vPortExitCritical
    main.o(i.app_task_gesture) refers to paj7620u2.o(i.gesture_get) for gesture_get
    main.o(i.app_task_gesture) refers to event_groups.o(i.xEventGroupSetBits) for xEventGroupSetBits
    main.o(i.app_task_gesture) refers to tasks.o(i.vTaskDelay) for vTaskDelay
    main.o(i.app_task_gesture) refers to main.o(.data) for .data
    main.o(i.app_task_init) refers to __2printf.o(.text) for __2printf
    main.o(i.app_task_init) refers to tft.o(i.lcd_init) for lcd_init
    main.o(i.app_task_init) refers to beep.o(i.beep_init) for beep_init
    main.o(i.app_task_init) refers to key.o(i.key_init) for key_init
    main.o(i.app_task_init) refers to adc.o(i.adc_init) for adc_init
    main.o(i.app_task_init) refers to rtc.o(i.rtc_init) for rtc_init
    main.o(i.app_task_init) refers to dht11.o(i.dht11_init) for dht11_init
    main.o(i.app_task_init) refers to ble.o(i.ble_init) for ble_init
    main.o(i.app_task_init) refers to mpu6050.o(i.MPU_Init) for MPU_Init
    main.o(i.app_task_init) refers to max30102.o(i.max30102_init) for max30102_init
    main.o(i.app_task_init) refers to eeprom.o(i.at24c02_init) for at24c02_init
    main.o(i.app_task_init) refers to keyboard.o(i.kbd_init) for kbd_init
    main.o(i.app_task_init) refers to asrpro.o(i.asr_init) for asr_init
    main.o(i.app_task_init) refers to port.o(i.vPortEnterCritical) for vPortEnterCritical
    main.o(i.app_task_init) refers to queue.o(i.xQueueGenericCreate) for xQueueGenericCreate
    main.o(i.app_task_init) refers to queue.o(i.xQueueCreateMutex) for xQueueCreateMutex
    main.o(i.app_task_init) refers to event_groups.o(i.xEventGroupCreate) for xEventGroupCreate
    main.o(i.app_task_init) refers to tasks.o(i.xTaskCreate) for xTaskCreate
    main.o(i.app_task_init) refers to port.o(i.vPortExitCritical) for vPortExitCritical
    main.o(i.app_task_init) refers to timers.o(i.xTimerCreate) for xTimerCreate
    main.o(i.app_task_init) refers to tasks.o(i.xTaskGetTickCount) for xTaskGetTickCount
    main.o(i.app_task_init) refers to timers.o(i.xTimerGenericCommand) for xTimerGenericCommand
    main.o(i.app_task_init) refers to tasks.o(i.vTaskSuspend) for vTaskSuspend
    main.o(i.app_task_init) refers to main.o(i.lcd_startup_info) for lcd_startup_info
    main.o(i.app_task_init) refers to paj7620u2.o(i.paj7620u2_init) for paj7620u2_init
    main.o(i.app_task_init) refers to tft.o(i.lcd_clear) for lcd_clear
    main.o(i.app_task_init) refers to tft.o(i.lcd_fill) for lcd_fill
    main.o(i.app_task_init) refers to main.o(i.dgb_printf_safe) for dgb_printf_safe
[...]
    vTaskSuspend                             0x0800bae9   Thumb Code   170  tasks.o(i.vTaskSuspend)
    vTaskSuspendAll                          0x0800bba5   Thumb Code    10  tasks.o(i.vTaskSuspendAll)
    vTaskSwitchContext                       0x0800bbb5   Thumb Code   126  tasks.o(i.vTaskSwitchContext)
    xEventGroupCreate                        0x0800bc3d   Thumb Code    26  event_groups.o(i.xEventGroupCreate)
    xEventGroupSetBits                       0x0800bc57   Thumb Code   140  event_groups.o(i.xEventGroupSetBits)
    xEventGroupSetBitsFromISR                0x0800bce5   Thumb Code    12  event_groups.o(i.xEventGroupSetBitsFromISR)
    xEventGroupWaitBits                      0x0800bcf5   Thumb Code   258  event_groups.o(i.xEventGroupWaitBits)
    xPortStartScheduler                      0x0800bdfd   Thumb Code   224  port.o(i.xPortStartScheduler)
    xQueueCreateMutex                        0x0800bef1   Thumb Code    36  queue.o(i.xQueueCreateMutex)
    xQueueGenericCreate                      0x0800bf15   Thumb Code    82  queue.o(i.xQueueGenericCreate)
    xQueueGenericReset                       0x0800bf69   Thumb Code   132  queue.o(i.xQueueGenericReset)
    xQueueGenericSend                        0x0800bff1   Thumb Code   350  queue.o(i.xQueueGenericSend)
    xQueueGenericSendFromISR                 0x0800c155   Thumb Code   188  queue.o(i.xQueueGenericSendFromISR)
    xQueueReceive                            0x0800c211   Thumb Code   308  queue.o(i.xQueueReceive)
    xQueueSemaphoreTake                      0x0800c349   Thumb Code   372  queue.o(i.xQueueSemaphoreTake)
    xTaskCheckForTimeOut                     0x0800c4c1   Thumb Code   112  tasks.o(i.xTaskCheckForTimeOut)
    xTaskCreate                              0x0800c535   Thumb Code    86  tasks.o(i.xTaskCreate)
    xTaskGetSchedulerState                   0x0800c58d   Thumb Code    22  tasks.o(i.xTaskGetSchedulerState)
    xTaskGetTickCount                        0x0800c5a9   Thumb Code     6  tasks.o(i.xTaskGetTickCount)
    xTaskIncrementTick                       0x0800c5b5   Thumb Code   182  tasks.o(i.xTaskIncrementTick)
    xTaskPriorityDisinherit                  0x0800c675   Thumb Code   144  tasks.o(i.xTaskPriorityDisinherit)
    xTaskPriorityInherit                     0x0800c70d   Thumb Code   140  tasks.o(i.xTaskPriorityInherit)
    xTaskRemoveFromEventList                 0x0800c7a1   Thumb Code   106  tasks.o(i.xTaskRemoveFromEventList)
    xTaskResumeAll                           0x0800c819   Thumb Code   182  tasks.o(i.xTaskResumeAll)
    xTimerCreate                             0x0800c8dd   Thumb Code    78  timers.o(i.xTimerCreate)
    xTimerCreateTimerTask                    0x0800c92d   Thumb Code    58  timers.o(i.xTimerCreateTimerTask)
    xTimerGenericCommand                     0x0800c979   Thumb Code    94  timers.o(i.xTimerGenericCommand)
    xTimerPendFunctionCallFromISR            0x0800c9dd   Thumb Code    34  timers.o(i.xTimerPendFunctionCallFromISR)
    _get_lc_ctype                            0x0800ca05   Thumb Code    44  lc_ctype_c.o(locale$$code)
    _get_lc_numeric                          0x0800ca31   Thumb Code    44  lc_numeric_c.o(locale$$code)
    __aeabi_dneg                             0x0800ca5d   Thumb Code     0  basic.o(x$fpl$basic)
    _dneg                                    0x0800ca5d   Thumb Code     6  basic.o(x$fpl$basic)
    __aeabi_fneg                             0x0800ca63   Thumb Code     0  basic.o(x$fpl$basic)
    _fneg                                    0x0800ca63   Thumb Code     6  basic.o(x$fpl$basic)
    _dabs                                    0x0800ca69   Thumb Code     6  basic.o(x$fpl$basic)
    _fabs                                    0x0800ca6f   Thumb Code     6  basic.o(x$fpl$basic)
    __aeabi_d2f                              0x0800ca75   Thumb Code     0  d2f.o(x$fpl$d2f)
    _d2f                                     0x0800ca75   Thumb Code    98  d2f.o(x$fpl$d2f)
    __aeabi_dadd                             0x0800cad9   Thumb Code     0  daddsub_clz.o(x$fpl$dadd)
    _dadd                                    0x0800cad9   Thumb Code   332  daddsub_clz.o(x$fpl$dadd)
    __aeabi_ddiv                             0x0800cc29   Thumb Code     0  ddiv.o(x$fpl$ddiv)
    _ddiv                                    0x0800cc29   Thumb Code   552  ddiv.o(x$fpl$ddiv)
    __aeabi_dmul                             0x0800ced9   Thumb Code     0  dmul.o(x$fpl$dmul)
    _dmul                                    0x0800ced9   Thumb Code   332  dmul.o(x$fpl$dmul)
    __fpl_dnaninf                            0x0800d02d   Thumb Code   156  dnaninf.o(x$fpl$dnaninf)
    __fpl_dretinf                            0x0800d0c9   Thumb Code    12  dretinf.o(x$fpl$dretinf)
    __aeabi_drsub                            0x0800d0d5   Thumb Code     0  daddsub_clz.o(x$fpl$drsb)
    _drsb                                    0x0800d0d5   Thumb Code    22  daddsub_clz.o(x$fpl$drsb)
    _dsqrt                                   0x0800d0ed   Thumb Code   404  dsqrt_umaal.o(x$fpl$dsqrt)
    __aeabi_dsub                             0x0800d285   Thumb Code     0  daddsub_clz.o(x$fpl$dsub)
    _dsub                                    0x0800d285   Thumb Code   464  daddsub_clz.o(x$fpl$dsub)
    __aeabi_f2d                              0x0800d459   Thumb Code     0  f2d.o(x$fpl$f2d)
    _f2d                                     0x0800d459   Thumb Code    86  f2d.o(x$fpl$f2d)
    __fpl_fnaninf                            0x0800d4af   Thumb Code   140  fnaninf.o(x$fpl$fnaninf)
    _fp_init                                 0x0800d53b   Thumb Code    10  fpinit.o(x$fpl$fpinit)
    __fplib_config_fpu_vfp                   0x0800d543   Thumb Code     0  fpinit.o(x$fpl$fpinit)
    __fplib_config_pureend_doubles           0x0800d543   Thumb Code     0  fpinit.o(x$fpl$fpinit)
    __fpl_fretinf                            0x0800d545   Thumb Code    10  fretinf.o(x$fpl$fretinf)
    _printf_fp_dec                           0x0800d54f   Thumb Code     4  printf1.o(x$fpl$printf1)
    __I$use$fp                               0x0800d552   Number         0  usenofp.o(x$fpl$usenofp)
    auw_hamm                                 0x08012278   Data          62  algorithm.o(.constdata)
    uch_spo2_table                           0x080122b6   Data         184  algorithm.o(.constdata)
    reg                                      0x0801236e   Data          27  inv_mpu.o(.constdata)
    hw                                       0x0801238a   Data          12  inv_mpu.o(.constdata)
    test                                     0x08012398   Data          40  inv_mpu.o(.constdata)
    gImage_success_48x48                     0x0801301c   Data       20000  pic_success.o(.constdata)
    gImage_pic_red_flag                      0x08017e3c   Data        7200  pic_red_flag.o(.constdata)
    gImage_camera_48x48                      0x08019a5c   Data        4608  pic_camera.o(.constdata)
    gImage_date_48x48                        0x0801ac5c   Data        4608  pic_date.o(.constdata)
    gImage_pulse_48x48                       0x0801be5c   Data        4608  pic_pulse.o(.constdata)
    gImage_temp_humi_48x48                   0x0801d05c   Data        4608  pic_temp_humi.o(.constdata)
    gImage_pic_storage_48x48                 0x0801e25c   Data        4608  pic_storage.o(.constdata)
    gImage_battery_48x48                     0x0801f45c   Data        4608  pic_battery.o(.constdata)
    gImage_ble_48x48                         0x0802065c   Data        4608  pic_ble.o(.constdata)
    gImage_time_48x48                        0x0802185c   Data        4608  pic_time.o(.constdata)
    gImage_0                                 0x08022a5c   Data        7200  pic_time.o(.constdata)
    gImage_1                                 0x0802467c   Data        7200  pic_time.o(.constdata)
    gImage_2                                 0x0802629c   Data        7200  pic_time.o(.constdata)
    gImage_3                                 0x08027ebc   Data        7200  pic_time.o(.constdata)
    gImage_4                                 0x08029adc   Data        7200  pic_time.o(.constdata)
    gImage_5                                 0x0802b6fc   Data        7200  pic_time.o(.constdata)
    gImage_6                                 0x0802d31c   Data        7200  pic_time.o(.constdata)
    gImage_7                                 0x0802ef3c   Data        7200  pic_time.o(.constdata)
    gImage_8                                 0x08030b5c   Data        7200  pic_time.o(.constdata)
    gImage_9                                 0x0803277c   Data        7200  pic_time.o(.constdata)
    gImage_temperature_48x48                 0x0803439c   Data        4608  pic_temperature.o(.constdata)
    gImage_humidity_48x48                    0x0803559c   Data        4608  pic_humidity.o(.constdata)
    gImage_home_48x48                        0x0803679c   Data        4608  pic_home.o(.constdata)
    gImage_alarm_32x32                       0x0803799c   Data        2048  pic_alarm_32x32.o(.constdata)
    gImage_ble_32x32                         0x0803819c   Data        2048  pic_ble_32x32.o(.constdata)
    gImage_alarm_48x48                       0x0803899c   Data        4608  pic_alarm.o(.constdata)
    gImage_sport_48x48                       0x08039b9c   Data        4608  pic_sport.o(.constdata)
    gImage_revdate_48x48                     0x0803ad9c   Data        4608  pic_revdate_48x48.o(.constdata)
    gImage_step_48x48                        0x0803bf9c   Data        4608  pic_step_48x48.o(.constdata)
    gImage_pic_fail_100x100                  0x0803d19c   Data       20000  pic_fail.o(.constdata)
    gImage_auto_48x48                        0x08041fbc   Data        4608  pic_auto_48x48.o(.constdata)
    gImage_password_48x48                    0x080431bc   Data        4608  pic_password_48x48.o(.constdata)
    gImage_modify_48x48                      0x080443bc   Data        4608  pic_modify_48x48.o(.constdata)
    gImage_hand_48x48                        0x080455bc   Data        4608  pic_hand_48x48.o(.constdata)
    __mathlib_zero                           0x080468e8   Data           8  qnan.o(.constdata)
    Region$$Table$$Base                      0x08046c60   Number         0  anon$$obj.o(Region$$Table)
    Region$$Table$$Limit                     0x08046c80   Number         0  anon$$obj.o(Region$$Table)
    __ctype                                  0x08046c8d   Data           0  lc_ctype_c.o(locale$$data)
    ch_spo2_valid                            0x20000000   Data           1  main.o(.data)
    ch_hr_valid                              0x20000001   Data           1  main.o(.data)
    app_task_init_handle                     0x20000004   Data           4  main.o(.data)
    app_task_max30102_handle                 0x20000008   Data           4  main.o(.data)
    app_task_kbd_handle                      0x2000000c   Data           4  main.o(.data)
    app_task_gesture_handle                  0x20000010   Data           4  main.o(.data)
    soft_timer_Handle                        0x20000014   Data           4  main.o(.data)
    g_dht_get_what                           0x20000018   Data           4  main.o(.data)
    g_rtc_get_what                           0x2000001c   Data           4  main.o(.data)
    g_ble_status                             0x20000020   Data           4  main.o(.data)
    g_alarm_set                              0x20000024   Data           4  main.o(.data)
    g_mpu6050_get_what                       0x20000028   Data           4  main.o(.data)
    g_pass_man_what                          0x2000002c   Data           4  main.o(.data)
    g_gesture_display_flag                   0x20000030   Data           4  main.o(.data)
    g_gesture_valid                          0x20000034   Data           4  main.o(.data)
    g_alarm_pic                              0x20000038   Data           4  main.o(.data)
    g_system_no_opreation_cnt                0x2000003c   Data           4  main.o(.data)
    g_system_display_on                      0x20000040   Data           4  main.o(.data)
    RTC_DateStructure                        0x20000044   Data           4  main.o(.data)
    RTC_TimeStructure                        0x20000048   Data           4  main.o(.data)
    n_ir_buffer_length                       0x2000004c   Data           4  main.o(.data)
    n_sp02                                   0x20000050   Data           4  main.o(.data)
    n_heart_rate                             0x20000054   Data           4  main.o(.data)
    g_queue_beep                             0x20000058   Data           4  main.o(.data)
    g_queue_usart                            0x2000005c   Data           4  main.o(.data)
    g_queue_kbd                              0x20000060   Data           4  main.o(.data)
    g_event_group                            0x20000064   Data           4  main.o(.data)
    g_mutex_printf                           0x20000068   Data           4  main.o(.data)
    g_mutex_lcd                              0x2000006c   Data           4  main.o(.data)
    g_sem_beep                               0x20000070   Data           4  main.o(.data)
    app_task_key_handle                      0x20000074   Data           4  main.o(.data)
    app_task_menu_handle                     0x20000078   Data           4  main.o(.data)
    app_task_adc_handle                      0x2000007c   Data           4  main.o(.data)
    app_task_beep_handle                     0x20000080   Data           4  main.o(.data)
    app_task_rtc_handle                      0x20000084   Data           4  main.o(.data)
    app_task_dht_handle                      0x20000088   Data           4  main.o(.data)
    app_task_usart_handle                    0x2000008c   Data           4  main.o(.data)
    app_task_mpu6050_handle                  0x20000090   Data           4  main.o(.data)
    app_task_pass_man_handle                 0x20000094   Data           4  main.o(.data)
    GPIO_InitStructure                       0x20000098   Data           8  main.o(.data)
    SystemCoreClock                          0x200000a0   Data           4  system_stm32f4xx.o(.data)
    AHBPrescTable                            0x200000a4   Data          16  system_stm32f4xx.o(.data)
    menu_main_1                              0x200000b4   Data         168  menu.o(.data)
    menu_main_2                              0x2000015c   Data         140  menu.o(.data)
    menu_main_tbl                            0x200001e8   Data          12  menu.o(.data)
    g_buf_size                               0x200005ec   Data           1  ble.o(.data)
    g_usart2_rx_cnt                          0x20000648   Data           4  asrpro.o(.data)
    g_usart2_rx_end                          0x2000064c   Data           4  asrpro.o(.data)
    g_rx_size                                0x2000065c   Data           1  usart.o(.data)
    __stdout                                 0x20000660   Data           4  usart.o(.data)
    pxCurrentTCB                             0x20000674   Data           4  tasks.o(.data)
    SPI_InitStructure                        0x200006ec   Data          18  main.o(.bss)
    RTC_AlarmStructure                       0x20000700   Data          16  main.o(.bss)
    aun_ir_buffer                            0x20000710   Data        2000  main.o(.bss)
    aun_red_buffer                           0x20000ee0   Data        2000  main.o(.bss)
    g_ble_buf                                0x20002e54   Data         128  ble.o(.bss)
    g_usart2_rx_buf                          0x20002ef4   Data          32  asrpro.o(.bss)
    g_usart_buf                              0x20002f24   Data         128  usart.o(.bss)
    xQueueRegistry                           0x20002fa4   Data          64  queue.o(.bss)
    __libspace_start                         0x20015ef0   Data          96  libspace.o(.bss)
    __temporary_stack_top$libspace           0x20015f50   Data           0  libspace.o(.bss)



==============================================================================

Memory Map of the image

  Image Entry point : 0x08000189

  Load Region LR_IROM1 (Base: 0x08000000, Size: 0x00047498, Max: 0x00080000, ABSOLUTE, COMPRESSED[0x00046ef0])

    Execution Region ER_IROM1 (Base: 0x08000000, Size: 0x00046dac, Max: 0x00080000, ABSOLUTE)

    Base Addr    Size         Type   Attr      Idx    E Section Name        Object

    0x08000000   0x00000188   Data   RO         2390    RESET               startup_stm32f40_41xxx.o
    0x08000188   0x00000008   Code   RO         5474  * !!!main             c_w.l(__main.o)
    0x08000190   0x00000034   Code   RO         5884    !!!scatter          c_w.l(__scatter.o)
    0x080001c4   0x0000005a   Code   RO         5882    !!dczerorl2         c_w.l(__dczerorl2.o)
    0x0800021e   0x00000002   PAD
    0x08000220   0x0000001c   Code   RO         5886    !!handler_zi        c_w.l(__scatter_zi.o)
    0x0800023c   0x00000000   Code   RO         5450    .ARM.Collect$$_printf_percent$$00000000  c_w.l(_printf_percent.o)
    0x0800023c   0x00000006   Code   RO         5562    .ARM.Collect$$_printf_percent$$00000001  c_w.l(_printf_n.o)
    0x08000242   0x00000006   Code   RO         5563    .ARM.Collect$$_printf_percent$$00000002  c_w.l(_printf_p.o)
    0x08000248   0x00000006   Code   RO         5567    .ARM.Collect$$_printf_percent$$00000003  c_w.l(_printf_f.o)
    0x0800024e   0x00000006   Code   RO         5568    .ARM.Collect$$_printf_percent$$00000004  c_w.l(_printf_e.o)
    0x08000254   0x00000006   Code   RO         5569    .ARM.Collect$$_printf_percent$$00000005  c_w.l(_printf_g.o)
    0x0800025a   0x00000006   Code   RO         5570    .ARM.Collect$$_printf_percent$$00000006  c_w.l(_printf_a.o)
    0x08000260   0x0000000a   Code   RO         5575    .ARM.Collect$$_printf_percent$$00000007  c_w.l(_printf_ll.o)
    0x0800026a   0x00000006   Code   RO         5565    .ARM.Collect$$_printf_percent$$00000008  c_w.l(_printf_i.o)
    0x08000270   0x00000006   Code   RO         5449    .ARM.Collect$$_printf_percent$$00000009  c_w.l(_printf_d.o)
    0x08000276   0x00000006   Code   RO         5566    .ARM.Collect$$_printf_percent$$0000000A  c_w.l(_printf_u.o)
    0x0800027c   0x00000006   Code   RO         5564    .ARM.Collect$$_printf_percent$$0000000B  c_w.l(_printf_o.o)
    0x08000282   0x00000006   Code   RO         5448    .ARM.Collect$$_printf_percent$$0000000C  c_w.l(_printf_x.o)
    0x08000288   0x00000006   Code   RO         5572    .ARM.Collect$$_printf_percent$$0000000D  c_w.l(_printf_lli.o)
    0x0800028e   0x00000006   Code   RO         5573    .ARM.Collect$$_printf_percent$$0000000E  c_w.l(_printf_lld.o)
    0x08000294   0x00000006   Code   RO         5574    .ARM.Collect$$_printf_percent$$0000000F  c_w.l(_printf_llu.o)
    0x0800029a   0x00000006   Code   RO         5579    .ARM.Collect$$_printf_percent$$00000010  c_w.l(_printf_llo.o)
    0x080002a0   0x00000006   Code   RO         5580    .ARM.Collect$$_printf_percent$$00000011  c_w.l(_printf_llx.o)
    0x080002a6   0x0000000a   Code   RO         5576    .ARM.Collect$$_printf_percent$$00000012  c_w.l(_printf_l.o)
    0x080002b0   0x00000006   Code   RO         5561    .ARM.Collect$$_printf_percent$$00000013  c_w.l(_printf_c.o)
    0x080002b6   0x00000006   Code   RO         5447    .ARM.Collect$$_printf_percent$$00000014  c_w.l(_printf_s.o)
    0x080002bc   0x00000006   Code   RO         5577    .ARM.Collect$$_printf_percent$$00000015  c_w.l(_printf_lc.o)
    0x080002c2   0x00000006   Code   RO         5578    .ARM.Collect$$_printf_percent$$00000016  c_w.l(_printf_ls.o)
    0x080002c8   0x00000004   Code   RO         5571    .ARM.Collect$$_printf_percent$$00000017  c_w.l(_printf_percent_end.o)
    0x080002cc   0x00000002   Code   RO         5750    .ARM.Collect$$libinit$$00000000  c_w.l(libinit.o)
    0x080002ce   0x00000004   Code   RO         5763    .ARM.Collect$$libinit$$00000001  c_w.l(libinit2.o)
    0x080002d2   0x00000000   Code   RO         5766    .ARM.Collect$$libinit$$00000004  c_w.l(libinit2.o)
    0x080002d2   0x00000000   Code   RO         5769    .ARM.Collect$$libinit$$0000000A  c_w.l(libinit2.o)
    0x080002d2   0x00000000   Code   RO         5771    .ARM.Collect$$libinit$$0000000C  c_w.l(libinit2.o)
    0x080002d2   0x00000000   Code   RO         5773    .ARM.Collect$$libinit$$0000000E  c_w.l(libinit2.o)
    0x080002d2   0x00000006   Code   RO         5774    .ARM.Collect$$libinit$$0000000F  c_w.l(libinit2.o)
    0x080002d8   0x00000000   Code   RO         5776    .ARM.Collect$$libinit$$00000011  c_w.l(libinit2.o)
    0x080002d8   0x0000000c   Code   RO         5777    .ARM.Collect$$libinit$$00000012  c_w.l(libinit2.o)
    0x080002e4   0x00000000   Code   RO         5778    .ARM.Collect$$libinit$$00000013  c_w.l(libinit2.o)
    0x080002e4   0x00000000   Code   RO         5780    .ARM.Collect$$libinit$$00000015  c_w.l(libinit2.o)
    0x080002e4   0x0000000a   Code   RO         5781    .ARM.Collect$$libinit$$00000016  c_w.l(libinit2.o)
    0x080002ee   0x00000000   Code   RO         5782    .ARM.Collect$$libinit$$00000017  c_w.l(libinit2.o)
    0x080002ee   0x00000000   Code   RO         5784    .ARM.Collect$$libinit$$00000019  c_w.l(libinit2.o)
    0x080002ee   0x00000000   Code   RO         5786    .ARM.Collect$$libinit$$0000001B  c_w.l(libinit2.o)
    0x080002ee   0x00000000   Code   RO         5788    .ARM.Collect$$libinit$$0000001D  c_w.l(libinit2.o)
    0x080002ee   0x00000000   Code   RO         5790    .ARM.Collect$$libinit$$0000001F  c_w.l(libinit2.o)
    0x080002ee   0x00000000   Code   RO         5792    .ARM.Collect$$libinit$$00000021  c_w.l(libinit2.o)
    0x080002ee   0x00000000   Code   RO         5794    .ARM.Collect$$libinit$$00000023  c_w.l(libinit2.o)
    0x080002ee   0x00000000   Code   RO         5796    .ARM.Collect$$libinit$$00000025  c_w.l(libinit2.o)
    0x080002ee   0x00000000   Code   RO         5800    .ARM.Collect$$libinit$$0000002C  c_w.l(libinit2.o)
    0x080002ee   0x00000000   Code   RO         5802    .ARM.Collect$$libinit$$0000002E  c_w.l(libinit2.o)
    0x080002ee   0x00000000   Code   RO         5804    .ARM.Collect$$libinit$$00000030  c_w.l(libinit2.o)
    0x080002ee   0x00000000   Code   RO         5806    .ARM.Collect$$libinit$$00000032  c_w.l(libinit2.o)
    0x080002ee   0x00000002   Code   RO         5807    .ARM.Collect$$libinit$$00000033  c_w.l(libinit2.o)
    0x080002f0   0x00000002   Code   RO         5835    .ARM.Collect$$libshutdown$$00000000  c_w.l(libshutdown.o)
    0x080002f2   0x00000000   Code   RO         5850    .ARM.Collect$$libshutdown$$00000003  c_w.l(libshutdown2.o)
    0x080002f2   0x00000000   Code   RO         5853    .ARM.Collect$$libshutdown$$00000006  c_w.l(libshutdown2.o)
    0x080002f2   0x00000000   Code   RO         5856    .ARM.Collect$$libshutdown$$00000009  c_w.l(libshutdown2.o)
    0x080002f2   0x00000000   Code   RO         5858    .ARM.Collect$$libshutdown$$0000000B  c_w.l(libshutdown2.o)
    0x080002f2   0x00000000   Code   RO         5861    .ARM.Collect$$libshutdown$$0000000E  c_w.l(libshutdown2.o)
    0x080002f2   0x00000002   Code   RO         5862    .ARM.Collect$$libshutdown$$0000000F  c_w.l(libshutdown2.o)
    0x080002f4   0x00000000   Code   RO         5526    .ARM.Collect$$rtentry$$00000000  c_w.l(__rtentry.o)
    0x080002f4   0x00000000   Code   RO         5655    .ARM.Collect$$rtentry$$00000002  c_w.l(__rtentry2.o)
    0x080002f4   0x00000006   Code   RO         5667    .ARM.Collect$$rtentry$$00000004  c_w.l(__rtentry4.o)
    0x080002fa   0x00000000   Code   RO         5657    .ARM.Collect$$rtentry$$00000009  c_w.l(__rtentry2.o)
    0x080002fa   0x00000004   Code   RO         5658    .ARM.Collect$$rtentry$$0000000A  c_w.l(__rtentry2.o)
    0x080002fe   0x00000000   Code   RO         5660    .ARM.Collect$$rtentry$$0000000C  c_w.l(__rtentry2.o)
    0x080002fe   0x00000008   Code   RO         5661    .ARM.Collect$$rtentry$$0000000D  c_w.l(__rtentry2.o)
    0x08000306   0x00000002   Code   RO         5755    .ARM.Collect$$rtexit$$00000000  c_w.l(rtexit.o)
    0x08000308   0x00000000   Code   RO         5809    .ARM.Collect$$rtexit$$00000002  c_w.l(rtexit2.o)
    0x08000308   0x00000004   Code   RO         5810    .ARM.Collect$$rtexit$$00000003  c_w.l(rtexit2.o)
    0x0800030c   0x00000006   Code   RO         5811    .ARM.Collect$$rtexit$$00000004  c_w.l(rtexit2.o)
    0x08000312   0x00000002   PAD
    0x08000314   0x000000be   Code   RO         5085    .emb_text           port.o
    0x080003d2   0x00000002   PAD
    0x080003d4   0x00000040   Code   RO         2391    .text               startup_stm32f40_41xxx.o
    0x08000414   0x00000002   Code   RO         5384    .text               c_w.l(use_no_semi_2.o)
    0x08000416   0x00000048   Code   RO         5386    .text               c_w.l(llsdiv.o)
    0x0800045e   0x00000002   PAD
    0x08000460   0x0000000c   Code   RO         5388    .text               c_w.l(c89vprintf.o)
    0x0800046c   0x00000018   Code   RO         5390    .text               c_w.l(__2printf.o)
    0x08000484   0x0000002c   Code   RO         5392    .text               c_w.l(__2sprintf.o)
    0x080004b0   0x0000004e   Code   RO         5400    .text               c_w.l(_printf_pad.o)
    0x080004fe   0x00000052   Code   RO         5402    .text               c_w.l(_printf_str.o)
    0x08000550   0x00000078   Code   RO         5404    .text               c_w.l(_printf_dec.o)
    0x080005c8   0x00000094   Code   RO         5424    .text               c_w.l(_printf_hex_int_ll_ptr.o)
    0x0800065c   0x00000188   Code   RO         5444    .text               c_w.l(__printf_flags_ss_wp.o)
    0x080007e4   0x0000001a   Code   RO         5451    .text               c_w.l(atoi.o)
    0x080007fe   0x00000002   PAD
    0x08000800   0x0000000c   Code   RO         5453    .text               c_w.l(strtok.o)
    0x0800080c   0x00000024   Code   RO         5456    .text               c_w.l(strstr.o)
    0x08000830   0x00000058   Code   RO         5458    .text               c_w.l(memcmp.o)
    0x08000888   0x0000003e   Code   RO         5460    .text               c_w.l(strlen.o)
    0x080008c6   0x0000008a   Code   RO         5462    .text               c_w.l(rt_memcpy_v6.o)
    0x08000950   0x00000010   Code   RO         5466    .text               c_w.l(aeabi_memset.o)
    0x08000960   0x00000044   Code   RO         5468    .text               c_w.l(rt_memclr.o)
    0x080009a4   0x0000004e   Code   RO         5470    .text               c_w.l(rt_memclr_w.o)
    0x080009f2   0x00000006   Code   RO         5472    .text               c_w.l(heapauxi.o)
    0x080009f8   0x00000002   Code   RO         5524    .text               c_w.l(use_no_semi.o)
    0x080009fa   0x00000002   PAD
    0x080009fc   0x00000008   Code   RO         5530    .text               c_w.l(rt_errno_addr_intlibspace.o)
    0x08000a04   0x000000ee   Code   RO         5532    .text               c_w.l(lludivv7m.o)
    0x08000af2   0x00000016   Code   RO         5534    .text               c_w.l(_rserrno.o)
    0x08000b08   0x00000024   Code   RO         5536    .text               c_w.l(_printf_truncate.o)
    0x08000b2c   0x000000b2   Code   RO         5538    .text               c_w.l(_printf_intcommon.o)
    0x08000bde   0x00000028   Code   RO         5540    .text               c_w.l(_printf_charcount.o)
    0x08000c06   0x00000002   PAD
    0x08000c08   0x00000030   Code   RO         5542    .text               c_w.l(_printf_char_common.o)
    0x08000c38   0x0000000a   Code   RO         5544    .text               c_w.l(_sputc.o)
    0x08000c42   0x0000002c   Code   RO         5546    .text               c_w.l(_printf_char.o)
    0x08000c6e   0x00000002   PAD
    0x08000c70   0x00000024   Code   RO         5548    .text               c_w.l(_printf_char_file.o)
    0x08000c94   0x000000bc   Code   RO         5550    .text               c_w.l(_printf_wctomb.o)
    0x08000d50   0x0000007c   Code   RO         5553    .text               c_w.l(_printf_longlong_dec.o)
    0x08000dcc   0x00000070   Code   RO         5559    .text               c_w.l(_printf_oct_int_ll.o)
    0x08000e3c   0x00000070   Code   RO         5581    .text               c_w.l(strtol.o)
    0x08000eac   0x00000044   Code   RO         5583    .text               c_w.l(strtok_int.o)
    0x08000ef0   0x00000064   Code   RO         5585    .text               c_w.l(rt_memcpy_w.o)
    0x08000f54   0x00000008   Code   RO         5651    .text               c_w.l(libspace.o)
    0x08000f5c   0x00000010   Code   RO         5669    .text               c_w.l(rt_ctype_table.o)
    0x08000f6c   0x0000008a   Code   RO         5675    .text               c_w.l(lludiv10.o)
    0x08000ff6   0x0000041a   Code   RO         5677    .text               c_w.l(_printf_fp_dec.o)
    0x08001410   0x0000002c   Code   RO         5681    .text               c_w.l(_printf_wchar.o)
    0x0800143c   0x0000009e   Code   RO         5683    .text               c_w.l(_strtoul.o)
    0x080014da   0x00000008   Code   RO         5685    .text               c_w.l(ferror.o)
    0x080014e2   0x00000040   Code   RO         5689    .text               c_w.l(_wcrtomb.o)
    0x08001522   0x00000020   Code   RO         5691    .text               c_w.l(strcspn.o)
    0x08001542   0x0000001c   Code   RO         5693    .text               c_w.l(strspn.o)
    0x0800155e   0x0000004a   Code   RO         5699    .text               c_w.l(sys_stackheap_outer.o)
    0x080015a8   0x00000008   Code   RO         5706    .text               c_w.l(rt_locale_intlibspace.o)
    0x080015b0   0x00000080   Code   RO         5708    .text               c_w.l(_printf_fp_infnan.o)
    0x08001630   0x0000001c   Code   RO         5710    .text               c_w.l(_chval.o)
    0x0800164c   0x000000dc   Code   RO         5712    .text               c_w.l(bigflt0.o)
    0x08001728   0x0000000c   Code   RO         5743    .text               c_w.l(exit.o)
    0x08001734   0x00000080   Code   RO         5761    .text               c_w.l(strcmpv7m.o)
    0x080017b4   0x0000003e   Code   RO         5715    CL$$btod_d2e        c_w.l(btod.o)
    0x080017f2   0x00000046   Code   RO         5717    CL$$btod_d2e_denorm_low  c_w.l(btod.o)
    0x08001838   0x00000060   Code   RO         5716    CL$$btod_d2e_norm_op1  c_w.l(btod.o)
    0x08001898   0x00000338   Code   RO         5725    CL$$btod_div_common  c_w.l(btod.o)
    0x08001bd0   0x000000c6   Code   RO         5722    CL$$btod_e2e        c_w.l(btod.o)
    0x08001c96   0x00000028   Code   RO         5719    CL$$btod_ediv       c_w.l(btod.o)
    0x08001cbe   0x00000028   Code   RO         5718    CL$$btod_emul       c_w.l(btod.o)
    0x08001ce6   0x00000244   Code   RO         5724    CL$$btod_mult_common  c_w.l(btod.o)
    0x08001f2a   0x00000006   Code   RO         3645    i.ADC_ClearFlag     stm32f4xx_adc.o
    0x08001f30   0x00000014   Code   RO         3647    i.ADC_Cmd           stm32f4xx_adc.o
    0x08001f44   0x0000002c   Code   RO         3648    i.ADC_CommonInit    stm32f4xx_adc.o
    0x08001f70   0x00000006   Code   RO         3659    i.ADC_GetConversionValue  stm32f4xx_adc.o
    0x08001f76   0x0000000e   Code   RO         3660    i.ADC_GetFlagStatus  stm32f4xx_adc.o
    0x08001f84   0x0000004c   Code   RO         3667    i.ADC_Init          stm32f4xx_adc.o
    0x08001fd0   0x00000074   Code   RO         3672    i.ADC_RegularChannelConfig  stm32f4xx_adc.o
    0x08002044   0x0000000a   Code   RO         3674    i.ADC_SoftwareStartConv  stm32f4xx_adc.o
    0x0800204e   0x00000002   Code   RO          416    i.BusFault_Handler  stm32f4xx_it.o
    0x08002050   0x00000002   Code   RO          417    i.DebugMon_Handler  stm32f4xx_it.o
    0x08002052   0x00000002   PAD
    0x08002054   0x00000058   Code   RO          878    i.EXTI0_IRQHandler  key.o
    0x080020ac   0x00000058   Code   RO          879    i.EXTI2_IRQHandler  key.o
    0x08002104   0x00000058   Code   RO          880    i.EXTI3_IRQHandler  key.o
    0x0800215c   0x00000058   Code   RO          881    i.EXTI4_IRQHandler  key.o
    0x080021b4   0x0000004c   Code   RO         2086    i.EXTI9_5_IRQHandler  paj7620u2.o
    0x08002200   0x0000000c   Code   RO         3580    i.EXTI_ClearITPendingBit  stm32f4xx_exti.o
    0x0800220c   0x00000014   Code   RO         3584    i.EXTI_GetITStatus  stm32f4xx_exti.o
    0x08002220   0x00000070   Code   RO         3585    i.EXTI_Init         stm32f4xx_exti.o
    0x08002290   0x00000078   Code   RO         2606    i.GPIO_Init         stm32f4xx_gpio.o
    0x08002308   0x00000020   Code   RO         2607    i.GPIO_PinAFConfig  stm32f4xx_gpio.o
    0x08002328   0x00000004   Code   RO         2614    i.GPIO_SetBits      stm32f4xx_gpio.o
    0x0800232c   0x000000b4   Code   RO         2150    i.GS_IIC_Read_Byte  paj7620u2_iic.o
    0x080023e0   0x00000068   Code   RO         2151    i.GS_IIC_Send_Byte  paj7620u2_iic.o
    0x08002448   0x00000040   Code   RO         2152    i.GS_IIC_Start      paj7620u2_iic.o
    0x08002488   0x00000044   Code   RO         2153    i.GS_IIC_Stop       paj7620u2_iic.o
    0x080024cc   0x00000054   Code   RO         2154    i.GS_IIC_Wait_Ack   paj7620u2_iic.o
    0x08002520   0x00000044   Code   RO         2155    i.GS_Read_Byte      paj7620u2_iic.o
    0x08002564   0x0000005c   Code   RO         2156    i.GS_Read_nByte     paj7620u2_iic.o
    0x080025c0   0x00000014   Code   RO         2157    i.GS_WakeUp         paj7620u2_iic.o
    0x080025d4   0x0000003a   Code   RO         2158    i.GS_Write_Byte     paj7620u2_iic.o
    0x0800260e   0x00000002   PAD
    0x08002610   0x0000003c   Code   RO         2159    i.GS_i2c_init       paj7620u2_iic.o
    0x0800264c   0x00000002   Code   RO          418    i.HardFault_Handler  stm32f4xx_it.o
    0x0800264e   0x00000002   PAD
    0x08002650   0x00000040   Code   RO         1822    i.IIC_Ack           mpu6050.o
    0x08002690   0x00000040   Code   RO         1823    i.IIC_Init          mpu6050.o
    0x080026d0   0x00000040   Code   RO         1824    i.IIC_NAck          mpu6050.o
    0x08002710   0x00000068   Code   RO         1825    i.IIC_Read_Byte     mpu6050.o
    0x08002778   0x00000060   Code   RO         1826    i.IIC_Send_Byte     mpu6050.o
    0x080027d8   0x00000040   Code   RO         1827    i.IIC_Start         mpu6050.o
    0x08002818   0x00000044   Code   RO         1828    i.IIC_Stop          mpu6050.o
    0x0800285c   0x00000058   Code   RO         1829    i.IIC_Wait_Ack      mpu6050.o
    0x080028b4   0x00000076   Code   RO         1833    i.MPU_Init          mpu6050.o
    0x0800292a   0x0000003a   Code   RO         1834    i.MPU_Read_Byte     mpu6050.o
    0x08002964   0x0000006a   Code   RO         1835    i.MPU_Read_Len      mpu6050.o
    0x080029ce   0x0000000a   Code   RO         1836    i.MPU_Set_Accel_Fsr  mpu6050.o
    0x080029d8   0x0000000a   Code   RO         1837    i.MPU_Set_Gyro_Fsr  mpu6050.o
    0x080029e2   0x00000030   Code   RO         1838    i.MPU_Set_LPF       mpu6050.o
    0x08002a12   0x0000002e   Code   RO         1839    i.MPU_Set_Rate      mpu6050.o
    0x08002a40   0x0000003c   Code   RO         1840    i.MPU_Write_Byte    mpu6050.o
    0x08002a7c   0x00000052   Code   RO         1841    i.MPU_Write_Len     mpu6050.o
    0x08002ace   0x00000002   Code   RO          419    i.MemManage_Handler  stm32f4xx_it.o
    0x08002ad0   0x00000002   Code   RO          420    i.NMI_Handler       stm32f4xx_it.o
    0x08002ad2   0x00000016   Code   RO            3    i.NVIC_DisableIRQ   main.o
    0x08002ae8   0x00000016   Code   RO            4    i.NVIC_EnableIRQ    main.o
    0x08002afe   0x00000002   PAD
    0x08002b00   0x00000064   Code   RO         2561    i.NVIC_Init         misc.o
    0x08002b64   0x00000014   Code   RO         2562    i.NVIC_PriorityGroupConfig  misc.o
    0x08002b78   0x0000000c   Code   RO         3883    i.PWR_BackupAccessCmd  stm32f4xx_pwr.o
    0x08002b84   0x00000018   Code   RO         2703    i.RCC_AHB1PeriphClockCmd  stm32f4xx_rcc.o
    0x08002b9c   0x00000018   Code   RO         2712    i.RCC_APB1PeriphClockCmd  stm32f4xx_rcc.o
    0x08002bb4   0x00000018   Code   RO         2715    i.RCC_APB2PeriphClockCmd  stm32f4xx_rcc.o
    0x08002bcc   0x00000090   Code   RO         2724    i.RCC_GetClocksFreq  stm32f4xx_rcc.o
    0x08002c5c   0x00000034   Code   RO         2725    i.RCC_GetFlagStatus  stm32f4xx_rcc.o
    0x08002c90   0x0000000c   Code   RO         2735    i.RCC_LSICmd        stm32f4xx_rcc.o
    0x08002c9c   0x0000000c   Code   RO         2747    i.RCC_RTCCLKCmd     stm32f4xx_rcc.o
    0x08002ca8   0x00000030   Code   RO         2748    i.RCC_RTCCLKConfig  stm32f4xx_rcc.o
    0x08002cd8   0x00000054   Code   RO         3225    i.RTC_AlarmCmd      stm32f4xx_rtc.o
    0x08002d2c   0x00000044   Code   RO          945    i.RTC_Alarm_IRQHandler  rtc.o
    0x08002d70   0x00000012   Code   RO         3228    i.RTC_Bcd2ToByte    stm32f4xx_rtc.o
    0x08002d82   0x00000018   Code   RO         3230    i.RTC_ByteToBcd2    stm32f4xx_rtc.o
    0x08002d9a   0x00000002   PAD
    0x08002d9c   0x0000001c   Code   RO         3234    i.RTC_ClearITPendingBit  stm32f4xx_rtc.o
    0x08002db8   0x0000003c   Code   RO         3240    i.RTC_EnterInitMode  stm32f4xx_rtc.o
    0x08002df4   0x00000010   Code   RO         3241    i.RTC_ExitInitMode  stm32f4xx_rtc.o
    0x08002e04   0x0000004c   Code   RO         3244    i.RTC_GetDate       stm32f4xx_rtc.o
    0x08002e50   0x00000038   Code   RO         3246    i.RTC_GetITStatus   stm32f4xx_rtc.o
    0x08002e88   0x00000050   Code   RO         3249    i.RTC_GetTime       stm32f4xx_rtc.o
    0x08002ed8   0x00000040   Code   RO         3253    i.RTC_ITConfig      stm32f4xx_rtc.o
    0x08002f18   0x00000050   Code   RO         3254    i.RTC_Init          stm32f4xx_rtc.o
    0x08002f68   0x000000a4   Code   RO         3259    i.RTC_SetAlarm      stm32f4xx_rtc.o
    0x0800300c   0x00000098   Code   RO         3260    i.RTC_SetDate       stm32f4xx_rtc.o
    0x080030a4   0x000000a0   Code   RO         3261    i.RTC_SetTime       stm32f4xx_rtc.o
    0x08003144   0x0000001c   Code   RO         3262    i.RTC_SetWakeUpCounter  stm32f4xx_rtc.o
    0x08003160   0x00000044   Code   RO          946    i.RTC_WKUP_IRQHandler  rtc.o
    0x080031a4   0x0000004c   Code   RO         3277    i.RTC_WaitForSynchro  stm32f4xx_rtc.o
    0x080031f0   0x00000028   Code   RO         3278    i.RTC_WakeUpClockConfig  stm32f4xx_rtc.o
    0x08003218   0x00000058   Code   RO         3279    i.RTC_WakeUpCmd     stm32f4xx_rtc.o
    0x08003270   0x00000014   Code   RO         2403    i.SPI_Cmd           stm32f4xx_spi.o
    0x08003284   0x0000000e   Code   RO         2411    i.SPI_I2S_GetFlagStatus  stm32f4xx_spi.o
    0x08003292   0x00000004   Code   RO         2414    i.SPI_I2S_ReceiveData  stm32f4xx_spi.o
    0x08003296   0x00000004   Code   RO         2415    i.SPI_I2S_SendData  stm32f4xx_spi.o
    0x0800329a   0x00000038   Code   RO         2416    i.SPI_Init          stm32f4xx_spi.o
    0x080032d2   0x00000002   PAD
    0x080032d4   0x00000030   Code   RO         4008    i.SYSCFG_EXTILineConfig  stm32f4xx_syscfg.o
    0x08003304   0x000000b4   Code   RO          495    i.SetSysClock       system_stm32f4xx.o
    0x080033b8   0x0000002c   Code   RO         5086    i.SysTick_Handler   port.o
    0x080033e4   0x0000005c   Code   RO          497    i.SystemInit        system_stm32f4xx.o
    0x08003440   0x00000080   Code   RO         2337    i.USART1_IRQHandler  usart.o
    0x080034c0   0x00000064   Code   RO         2219    i.USART2_IRQHandler  asrpro.o
    0x08003524   0x00000084   Code   RO         1257    i.USART3_IRQHandler  ble.o
    0x080035a8   0x00000006   Code   RO         3037    i.USART_ClearFlag   stm32f4xx_usart.o
    0x080035ae   0x0000000c   Code   RO         3038    i.USART_ClearITPendingBit  stm32f4xx_usart.o
    0x080035ba   0x00000014   Code   RO         3041    i.USART_Cmd         stm32f4xx_usart.o
    0x080035ce   0x0000000e   Code   RO         3044    i.USART_GetFlagStatus  stm32f4xx_usart.o
    0x080035dc   0x0000003e   Code   RO         3045    i.USART_GetITStatus  stm32f4xx_usart.o
    0x0800361a   0x00000030   Code   RO         3047    i.USART_ITConfig    stm32f4xx_usart.o
    0x0800364a   0x00000002   PAD
    0x0800364c   0x000000ac   Code   RO         3048    i.USART_Init        stm32f4xx_usart.o
    0x080036f8   0x00000008   Code   RO         3055    i.USART_ReceiveData  stm32f4xx_usart.o
    0x08003700   0x00000008   Code   RO         3058    i.USART_SendData    stm32f4xx_usart.o
    0x08003708   0x00000002   Code   RO          421    i.UsageFault_Handler  stm32f4xx_it.o
    0x0800370a   0x00000030   Code   RO         5634    i.__ARM_fpclassify  m_wm.l(fpclassify.o)
    0x0800373a   0x00000006   PAD
    0x08003740   0x00000360   Code   RO         5498    i.__hardfp_asin     m_wm.l(asin.o)
    0x08003aa0   0x000002d8   Code   RO         5600    i.__hardfp_atan     m_wm.l(atan.o)
    0x08003d78   0x000001f0   Code   RO         5512    i.__hardfp_atan2    m_wm.l(atan2.o)
    0x08003f68   0x000000f8   Code   RO         5636    i.__kernel_poly     m_wm.l(poly.o)
    0x08004060   0x00000014   Code   RO         5615    i.__mathlib_dbl_infnan  m_wm.l(dunder.o)
    0x08004074   0x00000014   Code   RO         5616    i.__mathlib_dbl_infnan2  m_wm.l(dunder.o)
    0x08004088   0x00000020   Code   RO         5617    i.__mathlib_dbl_invalid  m_wm.l(dunder.o)
    0x080040a8   0x00000020   Code   RO         5620    i.__mathlib_dbl_underflow  m_wm.l(dunder.o)
    0x080040c8   0x0000000e   Code   RO         5437    i._is_digit         c_w.l(__printf_wp.o)
    0x080040d6   0x00000002   PAD
    0x080040d8   0x00000158   Code   RO         2054    i._kbd_read         keyboard.o
    0x08004230   0x00000002   Code   RO         2338    i._sys_exit         usart.o
    0x08004232   0x00000002   PAD
    0x08004234   0x00000090   Code   RO         1301    i.accel_self_test   inv_mpu.o
    0x080042c4   0x00000080   Code   RO          830    i.adc_init          adc.o
    0x08004344   0x00000030   Code   RO          831    i.adc_voltage_get   adc.o
    0x08004374   0x00000078   Code   RO            5    i.app_task_adc      main.o
    0x080043ec   0x000000c0   Code   RO            6    i.app_task_beep     main.o
    0x080044ac   0x0000012c   Code   RO            7    i.app_task_dht      main.o
    0x080045d8   0x00000220   Code   RO            8    i.app_task_gesture  main.o
    0x080047f8   0x00000250   Code   RO            9    i.app_task_init     main.o
    0x08004a48   0x00000124   Code   RO           10    i.app_task_kbd      main.o
    0x08004b6c   0x000001b8   Code   RO           11    i.app_task_key      main.o
    0x08004d24   0x00000380   Code   RO           12    i.app_task_max30102  main.o
    0x080050a4   0x000005f0   Code   RO           13    i.app_task_menu     main.o
    0x08005694   0x0000028c   Code   RO           14    i.app_task_mpu6050  main.o
    0x08005920   0x0000081c   Code   RO           15    i.app_task_pass_man  main.o
    0x0800613c   0x000002a8   Code   RO           16    i.app_task_rtc      main.o
    0x080063e4   0x00000408   Code   RO           17    i.app_task_usart    main.o
    0x080067ec   0x00000034   Code   RO         2220    i.asr_init          asrpro.o
    0x08006820   0x0000000c   Code   RO         2221    i.asr_send_str      asrpro.o
    0x0800682c   0x00000044   Code   RO         1987    i.at24c02_init      eeprom.o
    0x08006870   0x000000b8   Code   RO         1988    i.at24c02_read      eeprom.o
    0x08006928   0x000000c8   Code   RO         1989    i.at24c02_write     eeprom.o
    0x080069f0   0x00000010   Code   RO         5602    i.atan              m_wm.l(atan.o)
    0x08006a00   0x00000040   Code   RO          858    i.beep_init         beep.o
    0x08006a40   0x00000014   Code   RO         1258    i.ble_connect_sta_get  ble.o
    0x08006a54   0x000000bc   Code   RO         1259    i.ble_init          ble.o
    0x08006b10   0x00000004   Code   RO         2284    i.delay_ms          delay.o
    0x08006b14   0x00000050   Code   RO         2285    i.delay_us          delay.o
    0x08006b64   0x00000030   Code   RO           18    i.dgb_printf_safe   main.o
    0x08006b94   0x0000003c   Code   RO         1006    i.dht11_init        dht11.o
    0x08006bd0   0x0000015c   Code   RO         1008    i.dht11_read_data   dht11.o
    0x08006d2c   0x0000003a   Code   RO         1637    i.dmp_enable_6x_lp_quat  inv_mpu_dmp_motion_driver.o
    0x08006d66   0x00000002   PAD
    0x08006d68   0x000001dc   Code   RO         1638    i.dmp_enable_feature  inv_mpu_dmp_motion_driver.o
    0x08006f44   0x00000038   Code   RO         1639    i.dmp_enable_gyro_cal  inv_mpu_dmp_motion_driver.o
    0x08006f7c   0x0000003a   Code   RO         1640    i.dmp_enable_lp_quat  inv_mpu_dmp_motion_driver.o
    0x08006fb6   0x00000030   Code   RO         1643    i.dmp_get_pedometer_step_count  inv_mpu_dmp_motion_driver.o
    0x08006fe6   0x00000002   PAD
    0x08006fe8   0x00000014   Code   RO         1645    i.dmp_load_motion_driver_firmware  inv_mpu_dmp_motion_driver.o
    0x08006ffc   0x0000014c   Code   RO         1646    i.dmp_read_fifo     inv_mpu_dmp_motion_driver.o
    0x08007148   0x000000d8   Code   RO         1649    i.dmp_set_accel_bias  inv_mpu_dmp_motion_driver.o
    0x08007220   0x00000064   Code   RO         1650    i.dmp_set_fifo_rate  inv_mpu_dmp_motion_driver.o
    0x08007284   0x000000cc   Code   RO         1651    i.dmp_set_gyro_bias  inv_mpu_dmp_motion_driver.o
    0x08007350   0x0000010c   Code   RO         1653    i.dmp_set_orientation  inv_mpu_dmp_motion_driver.o
    0x0800745c   0x00000026   Code   RO         1654    i.dmp_set_pedometer_step_count  inv_mpu_dmp_motion_driver.o
    0x08007482   0x00000030   Code   RO         1656    i.dmp_set_shake_reject_thresh  inv_mpu_dmp_motion_driver.o
    0x080074b2   0x00000020   Code   RO         1657    i.dmp_set_shake_reject_time  inv_mpu_dmp_motion_driver.o
    0x080074d2   0x00000020   Code   RO         1658    i.dmp_set_shake_reject_timeout  inv_mpu_dmp_motion_driver.o
    0x080074f2   0x00000040   Code   RO         1659    i.dmp_set_tap_axes  inv_mpu_dmp_motion_driver.o
    0x08007532   0x00000022   Code   RO         1660    i.dmp_set_tap_count  inv_mpu_dmp_motion_driver.o
    0x08007554   0x00000160   Code   RO         1661    i.dmp_set_tap_thresh  inv_mpu_dmp_motion_driver.o
    0x080076b4   0x00000020   Code   RO         1662    i.dmp_set_tap_time  inv_mpu_dmp_motion_driver.o
    0x080076d4   0x00000020   Code   RO         1663    i.dmp_set_tap_time_multi  inv_mpu_dmp_motion_driver.o
    0x080076f4   0x00000018   Code   RO         5630    i.fabs              m_wm.l(fabs.o)
    0x0800770c   0x00000014   Code   RO         2339    i.fputc             usart.o
    0x08007720   0x0000001c   Code   RO         2087    i.gesture_get       paj7620u2.o
    0x0800773c   0x000000b4   Code   RO         1302    i.get_accel_prod_shift  inv_mpu.o
    0x080077f0   0x00000314   Code   RO         1303    i.get_st_biases     inv_mpu.o
    0x08007b04   0x000000d4   Code   RO         1304    i.gyro_self_test    inv_mpu.o
    0x08007bd8   0x00000050   Code   RO         1106    i.i2c_ack           i2c.o
    0x08007c28   0x00000050   Code   RO         1990    i.i2c_ack           eeprom.o
    0x08007c78   0x00000040   Code   RO         1107    i.i2c_init          i2c.o
    0x08007cb8   0x00000048   Code   RO         1108    i.i2c_recv_byte     i2c.o
    0x08007d00   0x00000048   Code   RO         1991    i.i2c_recv_byte     eeprom.o
    0x08007d48   0x0000005c   Code   RO         1109    i.i2c_send_byte     i2c.o
    0x08007da4   0x0000005c   Code   RO         1992    i.i2c_send_byte     eeprom.o
    0x08007e00   0x00000038   Code   RO         1993    i.i2c_start         eeprom.o
    0x08007e38   0x00000038   Code   RO         1110    i.i2c_start1        i2c.o
    0x08007e70   0x00000030   Code   RO         1994    i.i2c_stop          eeprom.o
    0x08007ea0   0x00000030   Code   RO         1111    i.i2c_stop1         i2c.o
    0x08007ed0   0x00000038   Code   RO         1995    i.i2c_wait_ack      eeprom.o
    0x08007f08   0x00000034   Code   RO         1112    i.i2c_wait_ack1     i2c.o
    0x08007f3c   0x00000022   Code   RO         1305    i.inv_orientation_matrix_to_scalar  inv_mpu.o
    0x08007f5e   0x00000048   Code   RO         1306    i.inv_row_2_scale   inv_mpu.o
    0x08007fa6   0x00000002   PAD
    0x08007fa8   0x000000c4   Code   RO         2055    i.kbd_init          keyboard.o
    0x0800806c   0x00000050   Code   RO         2056    i.kbd_read          keyboard.o
    0x080080bc   0x000000f8   Code   RO          882    i.key_init          key.o
    0x080081b4   0x0000005a   Code   RO          689    i.lcd_addr_set      tft.o
    0x0800820e   0x00000012   Code   RO          690    i.lcd_clear         tft.o
    0x08008220   0x0000000c   Code   RO          691    i.lcd_display_on    tft.o
    0x0800822c   0x000000a8   Code   RO         1955    i.lcd_draw_hour     pictime.o
    0x080082d4   0x000000dc   Code   RO         1956    i.lcd_draw_minutes  pictime.o
    0x080083b0   0x00000036   Code   RO          694    i.lcd_draw_picture  tft.o
    0x080083e6   0x0000001e   Code   RO          695    i.lcd_draw_point    tft.o
    0x08008404   0x000000dc   Code   RO         1957    i.lcd_draw_seconds  pictime.o
    0x080084e0   0x00000044   Code   RO          697    i.lcd_fill          tft.o
    0x08008524   0x00000298   Code   RO          699    i.lcd_init          tft.o
    0x080087bc   0x00000010   Code   RO          700    i.lcd_send_cmd      tft.o
    0x080087cc   0x00000010   Code   RO          701    i.lcd_send_data     tft.o
    0x080087dc   0x00000124   Code   RO          702    i.lcd_show_char     tft.o
    0x08008900   0x00000094   Code   RO          703    i.lcd_show_chn      tft.o
    0x08008994   0x0000003a   Code   RO          706    i.lcd_show_string   tft.o
    0x080089ce   0x00000002   PAD
    0x080089d0   0x000000a8   Code   RO           19    i.lcd_startup_info  main.o
    0x08008a78   0x0000001a   Code   RO          707    i.lcd_vs_set        tft.o
    0x08008a92   0x00000002   PAD
    0x08008a94   0x00000094   Code   RO           20    i.main              main.o
    0x08008b28   0x0000004c   Code   RO         1190    i.max30102_Bus_Read  max30102.o
    0x08008b74   0x0000003e   Code   RO         1191    i.max30102_Bus_Write  max30102.o
    0x08008bb2   0x00000092   Code   RO         1192    i.max30102_FIFO_ReadBytes  max30102.o
    0x08008c44   0x00000094   Code   RO         1194    i.max30102_init     max30102.o
    0x08008cd8   0x00000016   Code   RO         1195    i.max30102_reset    max30102.o
    0x08008cee   0x00000032   Code   RO         1048    i.maxim_find_peaks  algorithm.o
    0x08008d20   0x00000380   Code   RO         1049    i.maxim_heart_rate_and_oxygen_saturation  algorithm.o
    0x080090a0   0x00000066   Code   RO         1050    i.maxim_peaks_above_min_height  algorithm.o
    0x08009106   0x00000066   Code   RO         1051    i.maxim_remove_close_peaks  algorithm.o
    0x0800916c   0x00000030   Code   RO         1052    i.maxim_sort_ascend  algorithm.o
    0x0800919c   0x00000038   Code   RO         1053    i.maxim_sort_indices_descend  algorithm.o
    0x080091d4   0x000000c0   Code   RO          532    i.menu_blue_tooth_fun  menu.o
    0x08009294   0x00000154   Code   RO          533    i.menu_dht_fun      menu.o
    0x080093e8   0x00000012   Code   RO          534    i.menu_item_total   menu.o
    0x080093fa   0x00000002   PAD
    0x080093fc   0x000000d0   Code   RO          535    i.menu_mpu6050_fun  menu.o
    0x080094cc   0x00000204   Code   RO          536    i.menu_pass_man_fun  menu.o
    0x080096d0   0x00000088   Code   RO          537    i.menu_pulse_so2_fun  menu.o
    0x08009758   0x00000048   Code   RO          538    i.menu_rtc_fun      menu.o
    0x080097a0   0x00000110   Code   RO          539    i.menu_show         menu.o
    0x080098b0   0x00000002   Code   RO         1307    i.mget_ms           inv_mpu.o
    0x080098b2   0x00000002   PAD
    0x080098b4   0x00000058   Code   RO         1308    i.mpu_configure_fifo  inv_mpu.o
    0x0800990c   0x00000164   Code   RO         1309    i.mpu_dmp_get_data  inv_mpu.o
    0x08009a70   0x000000a0   Code   RO         1310    i.mpu_dmp_init      inv_mpu.o
    0x08009b10   0x0000003c   Code   RO         1311    i.mpu_get_accel_fsr  inv_mpu.o
    0x08009b4c   0x00000044   Code   RO         1313    i.mpu_get_accel_sens  inv_mpu.o
    0x08009b90   0x00000034   Code   RO         1319    i.mpu_get_gyro_fsr  inv_mpu.o
    0x08009bc4   0x0000004c   Code   RO         1321    i.mpu_get_gyro_sens  inv_mpu.o
    0x08009c10   0x00000038   Code   RO         1323    i.mpu_get_lpf       inv_mpu.o
    0x08009c48   0x0000001c   Code   RO         1325    i.mpu_get_sample_rate  inv_mpu.o
    0x08009c64   0x00000188   Code   RO         1327    i.mpu_init          inv_mpu.o
    0x08009dec   0x000000a4   Code   RO         1328    i.mpu_load_firmware  inv_mpu.o
    0x08009e90   0x000000b8   Code   RO         1329    i.mpu_lp_accel_mode  inv_mpu.o
    0x08009f48   0x00000090   Code   RO         1332    i.mpu_read_fifo_stream  inv_mpu.o
    0x08009fd8   0x00000054   Code   RO         1333    i.mpu_read_mem      inv_mpu.o
    0x0800a02c   0x0000015c   Code   RO         1336    i.mpu_reset_fifo    inv_mpu.o
    0x0800a188   0x000000f0   Code   RO         1337    i.mpu_run_self_test  inv_mpu.o
    0x0800a278   0x00000068   Code   RO         1339    i.mpu_set_accel_fsr  inv_mpu.o
    0x0800a2e0   0x000000dc   Code   RO         1340    i.mpu_set_bypass    inv_mpu.o
    0x0800a3bc   0x00000078   Code   RO         1342    i.mpu_set_dmp_state  inv_mpu.o
    0x0800a434   0x0000006c   Code   RO         1343    i.mpu_set_gyro_fsr  inv_mpu.o
    0x0800a4a0   0x00000064   Code   RO         1344    i.mpu_set_int_latched  inv_mpu.o
    0x0800a504   0x0000006c   Code   RO         1346    i.mpu_set_lpf       inv_mpu.o
    0x0800a570   0x00000078   Code   RO         1347    i.mpu_set_sample_rate  inv_mpu.o
    0x0800a5e8   0x000000b8   Code   RO         1348    i.mpu_set_sensors   inv_mpu.o
    0x0800a6a0   0x00000054   Code   RO         1349    i.mpu_write_mem     inv_mpu.o
    0x0800a6f4   0x00000040   Code   RO         2088    i.paj7620u2_init    paj7620u2.o
    0x0800a734   0x00000068   Code   RO         2089    i.paj7620u2_irq_init  paj7620u2.o
    0x0800a79c   0x00000014   Code   RO         2090    i.paj7620u2_selectBank  paj7620u2.o
    0x0800a7b0   0x0000002e   Code   RO         2091    i.paj7620u2_wakeup  paj7620u2.o
    0x0800a7de   0x00000002   PAD
    0x0800a7e0   0x00000070   Code   RO         4573    i.prvAddCurrentTaskToDelayedList  tasks.o
    0x0800a850   0x000000d0   Code   RO         4574    i.prvAddNewTaskToReadyList  tasks.o
    0x0800a920   0x00000050   Code   RO         4906    i.prvCheckForValidListAndQueue  timers.o
    0x0800a970   0x00000026   Code   RO         4225    i.prvCopyDataFromQueue  queue.o
    0x0800a996   0x0000006c   Code   RO         4226    i.prvCopyDataToQueue  queue.o
    0x0800aa02   0x00000014   Code   RO         4575    i.prvDeleteTCB      tasks.o
    0x0800aa16   0x00000002   PAD
    0x0800aa18   0x0000004c   Code   RO         5036    i.prvHeapInit       heap_4.o
    0x0800aa64   0x00000060   Code   RO         4576    i.prvIdleTask       tasks.o
    0x0800aac4   0x0000009c   Code   RO         4577    i.prvInitialiseNewTask  tasks.o
    0x0800ab60   0x0000004c   Code   RO         5037    i.prvInsertBlockIntoFreeList  heap_4.o
    0x0800abac   0x00000038   Code   RO         4907    i.prvInsertTimerInActiveList  timers.o
    0x0800abe4   0x0000001a   Code   RO         4227    i.prvIsQueueEmpty   queue.o
    0x0800abfe   0x00000002   PAD
    0x0800ac00   0x000000c4   Code   RO         4908    i.prvProcessReceivedCommands  timers.o
    0x0800acc4   0x000000b4   Code   RO         4909    i.prvProcessTimerOrBlockTask  timers.o
    0x0800ad78   0x00000020   Code   RO         4579    i.prvResetNextTaskUnblockTime  tasks.o
    0x0800ad98   0x00000028   Code   RO         4910    i.prvSampleTimeNow  timers.o
    0x0800adc0   0x0000006c   Code   RO         4911    i.prvSwitchTimerLists  timers.o
    0x0800ae2c   0x00000028   Code   RO         5087    i.prvTaskExitError  port.o
    0x0800ae54   0x00000034   Code   RO         4580    i.prvTaskIsTaskSuspended  tasks.o
    0x0800ae88   0x00000014   Code   RO         4072    i.prvTestWaitCondition  event_groups.o
    0x0800ae9c   0x00000028   Code   RO         4912    i.prvTimerTask      timers.o
    0x0800aec4   0x0000006a   Code   RO         4228    i.prvUnlockQueue    queue.o
    0x0800af2e   0x00000002   PAD
    0x0800af30   0x000000dc   Code   RO         5038    i.pvPortMalloc      heap_4.o
    0x0800b00c   0x00000018   Code   RO         4581    i.pvTaskIncrementMutexHeldCount  tasks.o
    0x0800b024   0x0000002c   Code   RO         5088    i.pxPortInitialiseStack  port.o
    0x0800b050   0x000000d8   Code   RO          950    i.rtc_init          rtc.o
    0x0800b128   0x00000088   Code   RO         1350    i.run_self_test     inv_mpu.o
    0x0800b1b0   0x00000024   Code   RO         1113    i.sda_pin_mode      i2c.o
    0x0800b1d4   0x0000002c   Code   RO         1996    i.sda_pin_mode      eeprom.o
    0x0800b200   0x00000054   Code   RO         1351    i.set_int_enable    inv_mpu.o
    0x0800b254   0x00000038   Code   RO           21    i.soft_timer_callback  main.o
    0x0800b28c   0x00000034   Code   RO          709    i.spi1_send_byte    tft.o
    0x0800b2c0   0x0000006e   Code   RO         5641    i.sqrt              m_wm.l(sqrt.o)
    0x0800b32e   0x00000002   PAD
    0x0800b330   0x000000a0   Code   RO         2222    i.usart2_init       asrpro.o
    0x0800b3d0   0x000000ac   Code   RO         2340    i.usart_init        usart.o
    0x0800b47c   0x0000002c   Code   RO         2224    i.usart_send_str    asrpro.o
    0x0800b4a8   0x00000026   Code   RO         4185    i.uxListRemove      list.o
    0x0800b4ce   0x00000002   PAD
    0x0800b4d0   0x00000018   Code   RO         4588    i.uxTaskResetEventItemValue  tasks.o
    0x0800b4e8   0x00000002   Code   RO           22    i.vApplicationIdleHook  main.o
    0x0800b4ea   0x00000010   Code   RO           23    i.vApplicationMallocFailedHook  main.o
    0x0800b4fa   0x00000010   Code   RO           24    i.vApplicationStackOverflowHook  main.o
    0x0800b50a   0x00000002   Code   RO           25    i.vApplicationTickHook  main.o
    0x0800b50c   0x00000004   Code   RO         4076    i.vEventGroupSetBitsCallback  event_groups.o
    0x0800b510   0x00000016   Code   RO         4186    i.vListInitialise   list.o
    0x0800b526   0x00000006   Code   RO         4187    i.vListInitialiseItem  list.o
    0x0800b52c   0x00000030   Code   RO         4188    i.vListInsert       list.o
    0x0800b55c   0x00000018   Code   RO         4189    i.vListInsertEnd    list.o
    0x0800b574   0x00000040   Code   RO         5090    i.vPortEnterCritical  port.o
    0x0800b5b4   0x00000028   Code   RO         5091    i.vPortExitCritical  port.o
    0x0800b5dc   0x0000005c   Code   RO         5039    i.vPortFree         heap_4.o
    0x0800b638   0x00000024   Code   RO         5092    i.vPortSetupTimerInterrupt  port.o
    0x0800b65c   0x00000054   Code   RO         5093    i.vPortValidateInterruptPriority  port.o
    0x0800b6b0   0x00000024   Code   RO         4234    i.vQueueAddToRegistry  queue.o
    0x0800b6d4   0x00000044   Code   RO         4238    i.vQueueWaitForMessageRestricted  queue.o
    0x0800b718   0x0000004c   Code   RO         4589    i.vTaskDelay        tasks.o
    0x0800b764   0x000000ac   Code   RO         4591    i.vTaskDelete       tasks.o
    0x0800b810   0x00000010   Code   RO         4594    i.vTaskInternalSetTimeOutState  tasks.o
    0x0800b820   0x0000000c   Code   RO         4595    i.vTaskMissedYield  tasks.o
    0x0800b82c   0x00000030   Code   RO         4597    i.vTaskPlaceOnEventList  tasks.o
    0x0800b85c   0x00000038   Code   RO         4598    i.vTaskPlaceOnEventListRestricted  tasks.o
    0x0800b894   0x0000004c   Code   RO         4599    i.vTaskPlaceOnUnorderedEventList  tasks.o
    0x0800b8e0   0x000000ac   Code   RO         4600    i.vTaskPriorityDisinheritAfterTimeout  tasks.o
    0x0800b98c   0x00000070   Code   RO         4602    i.vTaskRemoveFromUnorderedEventList  tasks.o
    0x0800b9fc   0x0000007c   Code   RO         4603    i.vTaskResume       tasks.o
    0x0800ba78   0x00000070   Code   RO         4606    i.vTaskStartScheduler  tasks.o
    0x0800bae8   0x000000bc   Code   RO         4607    i.vTaskSuspend      tasks.o
    0x0800bba4   0x00000010   Code   RO         4608    i.vTaskSuspendAll   tasks.o
    0x0800bbb4   0x00000088   Code   RO         4609    i.vTaskSwitchContext  tasks.o
    0x0800bc3c   0x0000001a   Code   RO         4080    i.xEventGroupCreate  event_groups.o
    0x0800bc56   0x0000008c   Code   RO         4082    i.xEventGroupSetBits  event_groups.o
    0x0800bce2   0x00000002   PAD
    0x0800bce4   0x00000010   Code   RO         4083    i.xEventGroupSetBitsFromISR  event_groups.o
    0x0800bcf4   0x00000108   Code   RO         4085    i.xEventGroupWaitBits  event_groups.o
    0x0800bdfc   0x000000f4   Code   RO         5094    i.xPortStartScheduler  port.o
    0x0800bef0   0x00000024   Code   RO         4240    i.xQueueCreateMutex  queue.o
    0x0800bf14   0x00000052   Code   RO         4241    i.xQueueGenericCreate  queue.o
    0x0800bf66   0x00000002   PAD
    0x0800bf68   0x00000088   Code   RO         4242    i.xQueueGenericReset  queue.o
    0x0800bff0   0x00000164   Code   RO         4243    i.xQueueGenericSend  queue.o
    0x0800c154   0x000000bc   Code   RO         4244    i.xQueueGenericSendFromISR  queue.o
    0x0800c210   0x00000138   Code   RO         4251    i.xQueueReceive     queue.o
    0x0800c348   0x00000178   Code   RO         4253    i.xQueueSemaphoreTake  queue.o
    0x0800c4c0   0x00000074   Code   RO         4610    i.xTaskCheckForTimeOut  tasks.o
    0x0800c534   0x00000056   Code   RO         4611    i.xTaskCreate       tasks.o
    0x0800c58a   0x00000002   PAD
    0x0800c58c   0x0000001c   Code   RO         4615    i.xTaskGetSchedulerState  tasks.o
    0x0800c5a8   0x0000000c   Code   RO         4616    i.xTaskGetTickCount  tasks.o
    0x0800c5b4   0x000000c0   Code   RO         4618    i.xTaskIncrementTick  tasks.o
    0x0800c674   0x00000098   Code   RO         4621    i.xTaskPriorityDisinherit  tasks.o
    0x0800c70c   0x00000094   Code   RO         4622    i.xTaskPriorityInherit  tasks.o
    0x0800c7a0   0x00000078   Code   RO         4623    i.xTaskRemoveFromEventList  tasks.o
    0x0800c818   0x000000c4   Code   RO         4624    i.xTaskResumeAll    tasks.o
    0x0800c8dc   0x0000004e   Code   RO         4917    i.xTimerCreate      timers.o
    0x0800c92a   0x00000002   PAD
    0x0800c92c   0x0000004c   Code   RO         4918    i.xTimerCreateTimerTask  timers.o
    0x0800c978   0x00000064   Code   RO         4919    i.xTimerGenericCommand  timers.o
    0x0800c9dc   0x00000028   Code   RO         4925    i.xTimerPendFunctionCallFromISR  timers.o
    0x0800ca04   0x0000002c   Code   RO         5738    locale$$code        c_w.l(lc_ctype_c.o)
    0x0800ca30   0x0000002c   Code   RO         5741    locale$$code        c_w.l(lc_numeric_c.o)
    0x0800ca5c   0x00000018   Code   RO         5587    x$fpl$basic         fz_wm.l(basic.o)
    0x0800ca74   0x00000062   Code   RO         5476    x$fpl$d2f           fz_wm.l(d2f.o)
    0x0800cad6   0x00000002   PAD
    0x0800cad8   0x00000150   Code   RO         5478    x$fpl$dadd          fz_wm.l(daddsub_clz.o)
    0x0800cc28   0x000002b0   Code   RO         5485    x$fpl$ddiv          fz_wm.l(ddiv.o)
    0x0800ced8   0x00000154   Code   RO         5494    x$fpl$dmul          fz_wm.l(dmul.o)
    0x0800d02c   0x0000009c   Code   RO         5589    x$fpl$dnaninf       fz_wm.l(dnaninf.o)
    0x0800d0c8   0x0000000c   Code   RO         5591    x$fpl$dretinf       fz_wm.l(dretinf.o)
    0x0800d0d4   0x00000016   Code   RO         5479    x$fpl$drsb          fz_wm.l(daddsub_clz.o)
    0x0800d0ea   0x00000002   PAD
    0x0800d0ec   0x00000198   Code   RO         5697    x$fpl$dsqrt         fz_wm.l(dsqrt_umaal.o)
    0x0800d284   0x000001d4   Code   RO         5480    x$fpl$dsub          fz_wm.l(daddsub_clz.o)
    0x0800d458   0x00000056   Code   RO         5496    x$fpl$f2d           fz_wm.l(f2d.o)
    0x0800d4ae   0x0000008c   Code   RO         5593    x$fpl$fnaninf       fz_wm.l(fnaninf.o)
    0x0800d53a   0x0000000a   Code   RO         5823    x$fpl$fpinit        fz_wm.l(fpinit.o)
    0x0800d544   0x0000000a   Code   RO         5595    x$fpl$fretinf       fz_wm.l(fretinf.o)
    0x0800d54e   0x00000004   Code   RO         5597    x$fpl$printf1       fz_wm.l(printf1.o)
    0x0800d552   0x00000000   Code   RO         5599    x$fpl$usenofp       fz_wm.l(usenofp.o)
    0x0800d552   0x00000002   PAD
    0x0800d554   0x00000120   Data   RO           29    .constdata          main.o
    0x0800d674   0x00004c04   Data   RO          710    .constdata          tft.o
    0x08012278   0x000000f6   Data   RO         1055    .constdata          algorithm.o
    0x0801236e   0x0000001b   Data   RO         1353    .constdata          inv_mpu.o
    0x08012389   0x00000001   PAD
    0x0801238a   0x0000000c   Data   RO         1354    .constdata          inv_mpu.o
    0x08012396   0x00000002   PAD
    0x08012398   0x00000028   Data   RO         1355    .constdata          inv_mpu.o
    0x080123c0   0x00000bf6   Data   RO         1665    .constdata          inv_mpu_dmp_motion_driver.o
    0x08012fb6   0x00000066   Data   RO         2092    .constdata          paj7620u2.o
    0x0801301c   0x00004e20   Data   RO         5162    .constdata          pic_success.o
    0x08017e3c   0x00001c20   Data   RO         5169    .constdata          pic_red_flag.o
    0x08019a5c   0x00001200   Data   RO         5176    .constdata          pic_camera.o
    0x0801ac5c   0x00001200   Data   RO         5183    .constdata          pic_date.o
    0x0801be5c   0x00001200   Data   RO         5204    .constdata          pic_pulse.o
    0x0801d05c   0x00001200   Data   RO         5225    .constdata          pic_temp_humi.o
    0x0801e25c   0x00001200   Data   RO         5232    .constdata          pic_storage.o
    0x0801f45c   0x00001200   Data   RO         5239    .constdata          pic_battery.o
    0x0802065c   0x00001200   Data   RO         5246    .constdata          pic_ble.o
    0x0802185c   0x00001200   Data   RO         5260    .constdata          pic_time.o
    0x08022a5c   0x00001c20   Data   RO         5261    .constdata          pic_time.o
    0x0802467c   0x00001c20   Data   RO         5262    .constdata          pic_time.o
    0x0802629c   0x00001c20   Data   RO         5263    .constdata          pic_time.o
    0x08027ebc   0x00001c20   Data   RO         5264    .constdata          pic_time.o
    0x08029adc   0x00001c20   Data   RO         5265    .constdata          pic_time.o
    0x0802b6fc   0x00001c20   Data   RO         5266    .constdata          pic_time.o
    0x0802d31c   0x00001c20   Data   RO         5267    .constdata          pic_time.o
    0x0802ef3c   0x00001c20   Data   RO         5268    .constdata          pic_time.o
    0x08030b5c   0x00001c20   Data   RO         5269    .constdata          pic_time.o
    0x0803277c   0x00001c20   Data   RO         5270    .constdata          pic_time.o
    0x0803439c   0x00001200   Data   RO         5277    .constdata          pic_temperature.o
    0x0803559c   0x00001200   Data   RO         5284    .constdata          pic_humidity.o
    0x0803679c   0x00001200   Data   RO         5291    .constdata          pic_home.o
    0x0803799c   0x00000800   Data   RO         5298    .constdata          pic_alarm_32x32.o
    0x0803819c   0x00000800   Data   RO         5305    .constdata          pic_ble_32x32.o
    0x0803899c   0x00001200   Data   RO         5312    .constdata          pic_alarm.o
    0x08039b9c   0x00001200   Data   RO         5319    .constdata          pic_sport.o
    0x0803ad9c   0x00001200   Data   RO         5326    .constdata          pic_revdate_48x48.o
    0x0803bf9c   0x00001200   Data   RO         5333    .constdata          pic_step_48x48.o
    0x0803d19c   0x00004e20   Data   RO         5340    .constdata          pic_fail.o
    0x08041fbc   0x00001200   Data   RO         5347    .constdata          pic_auto_48x48.o
    0x080431bc   0x00001200   Data   RO         5354    .constdata          pic_password_48x48.o
    0x080443bc   0x00001200   Data   RO         5361    .constdata          pic_modify_48x48.o
    0x080455bc   0x00001200   Data   RO         5375    .constdata          pic_hand_48x48.o
    0x080467bc   0x00000028   Data   RO         5425    .constdata          c_w.l(_printf_hex_int_ll_ptr.o)
    0x080467e4   0x00000011   Data   RO         5445    .constdata          c_w.l(__printf_flags_ss_wp.o)
    0x080467f5   0x00000003   PAD
    0x080467f8   0x00000050   Data   RO         5501    .constdata          m_wm.l(asin.o)
    0x08046848   0x00000008   Data   RO         5551    .constdata          c_w.l(_printf_wctomb.o)
    0x08046850   0x00000098   Data   RO         5603    .constdata          m_wm.l(atan.o)
    0x080468e8   0x00000008   Data   RO         5638    .constdata          m_wm.l(qnan.o)
    0x080468f0   0x00000094   Data   RO         5713    .constdata          c_w.l(bigflt0.o)
    0x08046984   0x000001dd   Data   RO           30    .conststring        main.o
    0x08046b61   0x00000003   PAD
    0x08046b64   0x0000002e   Data   RO          540    .conststring        menu.o
    0x08046b92   0x00000002   PAD
    0x08046b94   0x00000024   Data   RO          541    .conststring        menu.o
    0x08046bb8   0x0000000f   Data   RO          542    .conststring        menu.o
    0x08046bc7   0x00000001   PAD
    0x08046bc8   0x0000000e   Data   RO          543    .conststring        menu.o
    0x08046bd6   0x00000002   PAD
    0x08046bd8   0x00000022   Data   RO          544    .conststring        menu.o
    0x08046bfa   0x00000002   PAD
    0x08046bfc   0x0000000d   Data   RO          545    .conststring        menu.o
    0x08046c09   0x00000003   PAD
    0x08046c0c   0x00000002   Data   RO          546    .conststring        menu.o
    0x08046c0e   0x00000002   PAD
    0x08046c10   0x0000004d   Data   RO         1356    .conststring        inv_mpu.o
    0x08046c5d   0x00000003   PAD
    0x08046c60   0x00000020   Data   RO         5880    Region$$Table       anon$$obj.o
    0x08046c80   0x00000110   Data   RO         5737    locale$$data        c_w.l(lc_ctype_c.o)
    0x08046d90   0x0000001c   Data   RO         5740    locale$$data        c_w.l(lc_numeric_c.o)


    Execution Region RW_IRAM1 (Base: 0x20000000, Size: 0x00016550, Max: 0x00020000, ABSOLUTE, COMPRESSED[0x00000144])

    Base Addr    Size         Type   Attr      Idx    E Section Name        Object

    0x20000000   0x00000074   Data   RW           31    .data               main.o
    0x20000074   0x00000004   Data   RW           32    .data               main.o
    0x20000078   0x00000004   Data   RW           33    .data               main.o
    0x2000007c   0x00000004   Data   RW           34    .data               main.o
    0x20000080   0x00000004   Data   RW           35    .data               main.o
    0x20000084   0x00000004   Data   RW           36    .data               main.o
    0x20000088   0x00000004   Data   RW           37    .data               main.o
    0x2000008c   0x00000004   Data   RW           38    .data               main.o
    0x20000090   0x00000004   Data   RW           39    .data               main.o
    0x20000094   0x00000004   Data   RW           41    .data               main.o
    0x20000098   0x00000008   Data   RW           43    .data               main.o
    0x200000a0   0x00000014   Data   RW          498    .data               system_stm32f4xx.o
    0x200000b4   0x000000a8   Data   RW          557    .data               menu.o
    0x2000015c   0x0000008c   Data   RW          558    .data               menu.o
    0x200001e8   0x0000000c   Data   RW          559    .data               menu.o
    0x200001f4   0x00000054   Data   RW          560    .data               menu.o
    0x20000248   0x00000054   Data   RW          561    .data               menu.o
    0x2000029c   0x00000070   Data   RW          562    .data               menu.o
    0x2000030c   0x00000054   Data   RW          563    .data               menu.o
    0x20000360   0x00000038   Data   RW          564    .data               menu.o
    0x20000398   0x00000038   Data   RW          565    .data               menu.o
    0x200003d0   0x00000038   Data   RW          566    .data               menu.o
    0x20000408   0x00000038   Data   RW          567    .data               menu.o
    0x20000440   0x00000038   Data   RW          568    .data               menu.o
    0x20000478   0x00000038   Data   RW          569    .data               menu.o
    0x200004b0   0x00000038   Data   RW          570    .data               menu.o
    0x200004e8   0x00000038   Data   RW          571    .data               menu.o
    0x20000520   0x00000038   Data   RW          572    .data               menu.o
    0x20000558   0x00000038   Data   RW          573    .data               menu.o
    0x20000590   0x00000038   Data   RW          574    .data               menu.o
    0x200005c8   0x00000014   Data   RW          952    .data               rtc.o
    0x200005dc   0x00000008   Data   RW         1009    .data               dht11.o
    0x200005e4   0x00000008   Data   RW         1114    .data               i2c.o
    0x200005ec   0x00000010   Data   RW         1261    .data               ble.o
    0x200005fc   0x00000035   Data   RW         1357    .data               inv_mpu.o
    0x20000631   0x00000002   Data   RW         2057    .data               keyboard.o
    0x20000633   0x00000001   PAD
    0x20000634   0x00000014   Data   RW         2093    .data               paj7620u2.o
    0x20000648   0x00000014   Data   RW         2226    .data               asrpro.o
    0x2000065c   0x00000001   Data   RW         2342    .data               usart.o
    0x2000065d   0x00000003   PAD
    0x20000660   0x00000004   Data   RW         2343    .data               usart.o
    0x20000664   0x00000010   Data   RW         2756    .data               stm32f4xx_rcc.o
    0x20000674   0x0000003c   Data   RW         4627    .data               tasks.o
    0x200006b0   0x00000014   Data   RW         4927    .data               timers.o
    0x200006c4   0x00000018   Data   RW         5044    .data               heap_4.o
    0x200006dc   0x0000000c   Data   RW         5095    .data               port.o
    0x200006e8   0x00000004   Data   RW         5454    .data               c_w.l(strtok.o)
    0x200006ec   0x00000012   Zero   RW           27    .bss                main.o
    0x200006fe   0x00000002   PAD
    0x20000700   0x00000fb0   Zero   RW           28    .bss                main.o
    0x200016b0   0x00000028   Zero   RW          832    .bss                adc.o
    0x200016d8   0x0000001c   Zero   RW          951    .bss                rtc.o
    0x200016f4   0x00001760   Zero   RW         1054    .bss                algorithm.o
    0x20002e54   0x00000090   Zero   RW         1260    .bss                ble.o
    0x20002ee4   0x00000010   Zero   RW         1664    .bss                inv_mpu_dmp_motion_driver.o
    0x20002ef4   0x00000030   Zero   RW         2225    .bss                asrpro.o
    0x20002f24   0x00000080   Zero   RW         2341    .bss                usart.o
    0x20002fa4   0x00000040   Zero   RW         4255    .bss                queue.o
    0x20002fe4   0x000002e4   Zero   RW         4626    .bss                tasks.o
    0x200032c8   0x00000028   Zero   RW         4926    .bss                timers.o
    0x200032f0   0x00012c00   Zero   RW         5043    .bss                heap_4.o
    0x20015ef0   0x00000060   Zero   RW         5652    .bss                c_w.l(libspace.o)
    0x20015f50   0x00000200   Zero   RW         2389    HEAP                startup_stm32f40_41xxx.o
    0x20016150   0x00000400   Zero   RW         2388    STACK               startup_stm32f40_41xxx.o


==============================================================================

Image component sizes


      Code (inc. data)   RO Data    RW Data    ZI Data      Debug   Object Name

       176         16          0          0         40       1333   adc.o
      1254         22        246          0       5984       6281   algorithm.o
       368         46          0         20         48       3655   asrpro.o
        64         10          0          0          0        536   beep.o
       340         44          0         16        144       2484   ble.o
        84          8          0          0          0       1106   delay.o
       408         24          0          8          0       2011   dht11.o
       900        188          0          0          0       6078   eeprom.o
       470         10          0          0          0      15304   event_groups.o
       464         22          0         24      76800       3971   heap_4.o
       500         52          0          8          0       4973   i2c.o
      5300        302        156         53          0      29794   inv_mpu.o
      2500        132       3062          0         16      20976   inv_mpu_dmp_motion_driver.o
       600         50          0          0          0       6183   key.o
       620         50          0          2          0       2334   keyboard.o
       138          0          0          0          0       3038   list.o
      9836       3160        765        160       4034     369300   main.o
       454          4          0          0          0       3700   max30102.o
      1754        548        160       1300          0      20689   menu.o
       120         14          0          0          0       1415   misc.o
      1150         68          0          0          0      10595   mpu6050.o
       338         20        102         20          0       4779   paj7620u2.o
       798         50          0          0          0       6521   paj7620u2_iic.o
         0          0       4608          0          0        433   pic_alarm.o
         0          0       2048          0          0        449   pic_alarm_32x32.o
         0          0       4608          0          0        440   pic_auto_48x48.o
         0          0       4608          0          0        443   pic_battery.o
         0          0       4608          0          0        427   pic_ble.o
         0          0       2048          0          0        439   pic_ble_32x32.o
         0          0       4608          0          0        438   pic_camera.o
         0          0       4608          0          0        432   pic_date.o
         0          0      20000          0          0        442   pic_fail.o
         0          0       4608          0          0        440   pic_hand_48x48.o
         0          0       4608          0          0        432   pic_home.o
         0          0       4608          0          0        448   pic_humidity.o
         0          0       4608          0          0        450   pic_modify_48x48.o
         0          0       4608          0          0        456   pic_password_48x48.o
         0          0       4608          0          0        433   pic_pulse.o
         0          0       7200          0          0        442   pic_red_flag.o
         0          0       4608          0          0        455   pic_revdate_48x48.o
         0          0       4608          0          0        433   pic_sport.o
         0          0       4608          0          0        440   pic_step_48x48.o
         0          0       4608          0          0        451   pic_storage.o
         0          0      20000          0          0        443   pic_success.o
         0          0       4608          0          0        449   pic_temp_humi.o
         0          0       4608          0          0        459   pic_temperature.o
         0          0      76608          0          0        882   pic_time.o
       608        158          0          0          0       2082   pictime.o
       786         80          0         12          0      10749   port.o
      1868         22          0          0         64      13736   queue.o
       352         18          0         20         28       2352   rtc.o
        64         26        392          0       1536        832   startup_stm32f40_41xxx.o
       292         20          0          0          0       5622   stm32f4xx_adc.o
       144         14          0          0          0       2012   stm32f4xx_exti.o
       156          0          0          0          0       2086   stm32f4xx_gpio.o
        12          0          0          0          0       2665   stm32f4xx_it.o
        12          6          0          0          0        502   stm32f4xx_pwr.o
       340         56          0         16          0       6623   stm32f4xx_rcc.o
      1294        104          0          0          0      11897   stm32f4xx_rtc.o
        98          0          0          0          0       3238   stm32f4xx_spi.o
        48          6          0          0          0        600   stm32f4xx_syscfg.o
       350          8          0          0          0       5997   stm32f4xx_usart.o
       272         36          0         20          0       1737   system_stm32f4xx.o
      3090        256          0         60        740      26545   tasks.o
      1544         68      19460          0          0       9676   tft.o
       994         90          0         20         40       9938   timers.o
       322         30          0          5        128       4201   usart.o

    ----------------------------------------------------------------------
     41332       5838     235244       1768      89604     661202   Object Totals
         0          0         32          0          0          0   (incl. Generated)
        50          0         21          4          2          0   (incl. Padding)

    ----------------------------------------------------------------------

      Code (inc. data)   RO Data    RW Data    ZI Data      Debug   Library Member Name

        24          4          0          0          0         84   __2printf.o
        44          6          0          0          0         84   __2sprintf.o
        90          0          0          0          0          0   __dczerorl2.o
         8          0          0          0          0         68   __main.o
       392          4         17          0          0         92   __printf_flags_ss_wp.o
        14          0          0          0          0         68   __printf_wp.o
         0          0          0          0          0          0   __rtentry.o
        12          0          0          0          0          0   __rtentry2.o
         6          0          0          0          0          0   __rtentry4.o
        52          8          0          0          0          0   __scatter.o
        28          0          0          0          0          0   __scatter_zi.o
        28          0          0          0          0         68   _chval.o
         6          0          0          0          0          0   _printf_a.o
         6          0          0          0          0          0   _printf_c.o
        44          0          0          0          0        108   _printf_char.o
        48          6          0          0          0         96   _printf_char_common.o
        36          4          0          0          0         80   _printf_char_file.o
        40          0          0          0          0         68   _printf_charcount.o
         6          0          0          0          0          0   _printf_d.o
       120         16          0          0          0         92   _printf_dec.o
         6          0          0          0          0          0   _printf_e.o
         6          0          0          0          0          0   _printf_f.o
      1050          0          0          0          0        216   _printf_fp_dec.o
       128         16          0          0          0         84   _printf_fp_infnan.o
         6          0          0          0          0          0   _printf_g.o
       148          4         40          0          0        160   _printf_hex_int_ll_ptr.o
         6          0          0          0          0          0   _printf_i.o
       178          0          0          0          0         88   _printf_intcommon.o
        10          0          0          0          0          0   _printf_l.o
         6          0          0          0          0          0   _printf_lc.o
        10          0          0          0          0          0   _printf_ll.o
         6          0          0          0          0          0   _printf_lld.o
         6          0          0          0          0          0   _printf_lli.o
         6          0          0          0          0          0   _printf_llo.o
         6          0          0          0          0          0   _printf_llu.o
         6          0          0          0          0          0   _printf_llx.o
       124         16          0          0          0         92   _printf_longlong_dec.o
         6          0          0          0          0          0   _printf_ls.o
         6          0          0          0          0          0   _printf_n.o
         6          0          0          0          0          0   _printf_o.o
       112          8          0          0          0        124   _printf_oct_int_ll.o
         6          0          0          0          0          0   _printf_p.o
        78          0          0          0          0        108   _printf_pad.o
         0          0          0          0          0          0   _printf_percent.o
         4          0          0          0          0          0   _printf_percent_end.o
         6          0          0          0          0          0   _printf_s.o
        82          0          0          0          0         80   _printf_str.o
        36          0          0          0          0         84   _printf_truncate.o
         6          0          0          0          0          0   _printf_u.o
        44          0          0          0          0        108   _printf_wchar.o
       188          6          8          0          0         92   _printf_wctomb.o
         6          0          0          0          0          0   _printf_x.o
        22          0          0          0          0        100   _rserrno.o
        10          0          0          0          0         68   _sputc.o
       158          0          0          0          0         92   _strtoul.o
        64          0          0          0          0         92   _wcrtomb.o
        16          0          0          0          0         68   aeabi_memset.o
        26          0          0          0          0         80   atoi.o
       220          4        148          0          0         96   bigflt0.o
      1910        128          0          0          0        672   btod.o
        12          4          0          0          0         68   c89vprintf.o
        12          0          0          0          0         72   exit.o
         8          0          0          0          0         68   ferror.o
         6          0          0          0          0        152   heapauxi.o
        44         10        272          0          0         76   lc_ctype_c.o
        44         10         28          0          0         76   lc_numeric_c.o
         2          0          0          0          0          0   libinit.o
        34          0          0          0          0          0   libinit2.o
         2          0          0          0          0          0   libshutdown.o
         2          0          0          0          0          0   libshutdown2.o
         8          4          0          0         96         68   libspace.o
        72          0          0          0          0         76   llsdiv.o
       138          0          0          0          0         80   lludiv10.o
       238          0          0          0          0        100   lludivv7m.o
        88          0          0          0          0         76   memcmp.o
        16          4          0          0          0         76   rt_ctype_table.o
         8          4          0          0          0         68   rt_errno_addr_intlibspace.o
         8          4          0          0          0         68   rt_locale_intlibspace.o
        68          0          0          0          0         68   rt_memclr.o
        78          0          0          0          0         80   rt_memclr_w.o
       138          0          0          0          0         68   rt_memcpy_v6.o
       100          0          0          0          0         80   rt_memcpy_w.o
         2          0          0          0          0          0   rtexit.o
        10          0          0          0          0          0   rtexit2.o
       128          0          0          0          0         68   strcmpv7m.o
        32          0          0          0          0         80   strcspn.o
        62          0          0          0          0         76   strlen.o
        28          0          0          0          0         80   strspn.o
        36          0          0          0          0         80   strstr.o
        12          6          0          4          0         68   strtok.o
        68          4          0          0          0         84   strtok_int.o
       112          0          0          0          0         88   strtol.o
        74          0          0          0          0         80   sys_stackheap_outer.o
         2          0          0          0          0         68   use_no_semi.o
         2          0          0          0          0         68   use_no_semi_2.o
        24          0          0          0          0        164   basic.o
        98          4          0          0          0        140   d2f.o
       826         16          0          0          0        492   daddsub_clz.o
       688        140          0          0          0        256   ddiv.o
       340         12          0          0          0        152   dmul.o
       156          4          0          0          0        140   dnaninf.o
        12          0          0          0          0        116   dretinf.o
       408         56          0          0          0        168   dsqrt_umaal.o
        86          4          0          0          0        132   f2d.o
       140          4          0          0          0        132   fnaninf.o
        10          0          0          0          0        116   fpinit.o
        10          0          0          0          0        116   fretinf.o
         4          0          0          0          0        116   printf1.o
         0          0          0          0          0          0   usenofp.o
       864         94         80          0          0        280   asin.o
       744        106        152          0          0        352   atan.o
       496         64          0          0          0        192   atan2.o
       104         16          0          0          0        496   dunder.o
        24          0          0          0          0        124   fabs.o
        48          0          0          0          0        124   fpclassify.o
       248          0          0          0          0        152   poly.o
         0          0          8          0          0          0   qnan.o
       110          0          0          0          0        148   sqrt.o

    ----------------------------------------------------------------------
     12888        800        756          4         96       9780   Library Totals
        30          0          3          0          0          0   (incl. Padding)

    ----------------------------------------------------------------------

      Code (inc. data)   RO Data    RW Data    ZI Data      Debug   Library Name

      7418        280        513          4         96       5672   c_w.l
      2802        240          0          0          0       2240   fz_wm.l
      2638        280        240          0          0       1868   m_wm.l

    ----------------------------------------------------------------------
     12888        800        756          4         96       9780   Library Totals

    ----------------------------------------------------------------------

==============================================================================


      Code (inc. data)   RO Data    RW Data    ZI Data      Debug   

     54220       6638     236000       1772      89700     631906   Grand Totals
     54220       6638     236000        324      89700     631906   ELF Image Totals (compressed)
     54220       6638     236000        324          0          0   ROM Totals

==============================================================================

    Total RO  Size (Code + RO Data)               290220 ( 283.42kB)
    Total RW  Size (RW Data + ZI Data)             91472 (  89.33kB)
    Total ROM Size (Code + RO Data + RW Data)     290544 ( 283.73kB)

==============================================================================

